`torch_dtype` is deprecated! Use `dtype` instead!
Loading checkpoint shards:   0%|                         | 0/2 [00:00<?, ?it/s]Loading checkpoint shards:  50%|████████▌        | 1/2 [00:01<00:01,  1.45s/it]Loading checkpoint shards: 100%|█████████████████| 2/2 [00:02<00:00,  1.12s/it]Loading checkpoint shards: 100%|█████████████████| 2/2 [00:02<00:00,  1.17s/it]
The following generation flags are not valid and may be ignored: ['temperature', 'top_p', 'top_k']. Set `TRANSFORMERS_VERBOSITY=info` for more details.
{"stage": "generation_checkpoint", "run_id": "seed-00-A", "step": 256, "records": 24}
{"stage": "generation_checkpoint", "run_id": "seed-00-B", "step": 256, "records": 24}
{"stage": "generation_checkpoint", "run_id": "seed-00-C", "step": 256, "records": 24}
{"stage": "generation_checkpoint", "run_id": "seed-01-A", "step": 256, "records": 24}
{"stage": "generation_checkpoint", "run_id": "seed-01-B", "step": 256, "records": 24}
{"stage": "generation_checkpoint", "run_id": "seed-01-C", "step": 256, "records": 24}
{"stage": "generation_checkpoint", "run_id": "seed-02-A", "step": 256, "records": 24}
{"stage": "generation_checkpoint", "run_id": "seed-02-B", "step": 256, "records": 24}
{"stage": "generation_checkpoint", "run_id": "seed-02-C", "step": 256, "records": 24}
{"stage": "generation_checkpoint", "run_id": "seed-03-A", "step": 256, "records": 24}
{"stage": "generation_checkpoint", "run_id": "seed-03-B", "step": 256, "records": 24}
{"stage": "generation_checkpoint", "run_id": "seed-03-C", "step": 256, "records": 24}
{"stage": "generation_checkpoint", "run_id": "seed-04-A", "step": 256, "records": 24}
{"stage": "generation_checkpoint", "run_id": "seed-04-B", "step": 256, "records": 24}
{"stage": "generation_checkpoint", "run_id": "seed-04-C", "step": 256, "records": 24}
{"stage": "generation_checkpoint", "run_id": "seed-05-A", "step": 256, "records": 24}
{"stage": "generation_checkpoint", "run_id": "seed-05-B", "step": 256, "records": 24}
{"stage": "generation_checkpoint", "run_id": "seed-05-C", "step": 256, "records": 24}
{"stage": "generation_checkpoint", "run_id": "seed-06-A", "step": 256, "records": 24}
{"stage": "generation_checkpoint", "run_id": "seed-06-B", "step": 256, "records": 24}
{"stage": "generation_checkpoint", "run_id": "seed-06-C", "step": 256, "records": 24}
{"stage": "generation_checkpoint", "run_id": "seed-07-A", "step": 256, "records": 24}
{"stage": "generation_checkpoint", "run_id": "seed-07-B", "step": 256, "records": 24}
{"stage": "generation_checkpoint", "run_id": "seed-07-C", "step": 256, "records": 24}
{"status": "completed", "generations": 576}
