prpplus iteration=0 candidate=0 radius=0.1 ratio=0.8152169767
prpplus iteration=0 candidate=1 radius=0.03 ratio=0.6873661429
prpplus iteration=0 candidate=2 radius=0.01 ratio=0.8698530487
prpplus iteration=0 candidate=3 radius=0.003 ratio=0.9588430069
prpplus iteration=0 candidate=4 radius=0.001 ratio=0.9861155364
prpplus selected iteration=0 beta=0 restart=initial radius=0.03 ratio=0.6873661429 accepted=True
prpplus iteration=1 candidate=0 radius=0.1 ratio=0.5982045804
prpplus iteration=1 candidate=1 radius=0.03 ratio=0.5389403539
prpplus iteration=1 candidate=2 radius=0.01 ratio=0.6139254928
prpplus iteration=1 candidate=3 radius=0.003 ratio=0.6622406395
prpplus iteration=1 candidate=4 radius=0.001 ratio=0.6786911736
prpplus selected iteration=1 beta=0 restart=negative_beta_clamped radius=0.03 ratio=0.5389403539 accepted=True
prpplus iteration=2 candidate=0 radius=0.1 ratio=0.6523125848
prpplus iteration=2 candidate=1 radius=0.03 ratio=0.4058066437
prpplus iteration=2 candidate=2 radius=0.01 ratio=0.4811268207
prpplus iteration=2 candidate=3 radius=0.003 ratio=0.5207252101
prpplus iteration=2 candidate=4 radius=0.001 ratio=0.5327919435
prpplus selected iteration=2 beta=0.3102421354 restart=none radius=0.03 ratio=0.4058066437 accepted=True
prpplus iteration=3 candidate=0 radius=0.1 ratio=0.4509091939
prpplus iteration=3 candidate=1 radius=0.03 ratio=0.3395424865
prpplus iteration=3 candidate=2 radius=0.01 ratio=0.3693503524
prpplus iteration=3 candidate=3 radius=0.003 ratio=0.3931959825
prpplus iteration=3 candidate=4 radius=0.001 ratio=0.4014326324
prpplus selected iteration=3 beta=0.3872663606 restart=none radius=0.03 ratio=0.3395424865 accepted=True
prpplus iteration=4 candidate=0 radius=0.1 ratio=0.3314839417
prpplus iteration=4 candidate=1 radius=0.03 ratio=0.275518898
prpplus iteration=4 candidate=2 radius=0.01 ratio=0.3127779399
prpplus iteration=4 candidate=3 radius=0.003 ratio=0.3309835726
prpplus iteration=4 candidate=4 radius=0.001 ratio=0.3366357877
prpplus selected iteration=4 beta=1.481410843 restart=none radius=0.03 ratio=0.275518898 accepted=True
prpplus iteration=5 candidate=0 radius=0.1 ratio=0.5434888278
prpplus iteration=5 candidate=1 radius=0.03 ratio=0.2972337921
prpplus iteration=5 candidate=2 radius=0.01 ratio=0.2495798428
prpplus iteration=5 candidate=3 radius=0.003 ratio=0.2637860896
prpplus iteration=5 candidate=4 radius=0.001 ratio=0.2712809003
prpplus selected iteration=5 beta=0.1257944223 restart=none radius=0.01 ratio=0.2495798428 accepted=True
prpplus iteration=6 candidate=0 radius=0.1 ratio=0.4723312933
prpplus iteration=6 candidate=1 radius=0.03 ratio=0.22946787
prpplus iteration=6 candidate=2 radius=0.01 ratio=0.2290754366
prpplus iteration=6 candidate=3 radius=0.003 ratio=0.2421097458
prpplus iteration=6 candidate=4 radius=0.001 ratio=0.2469733755
prpplus selected iteration=6 beta=0.4171292191 restart=none radius=0.01 ratio=0.2290754366 accepted=True
prpplus iteration=7 candidate=0 radius=0.1 ratio=0.3533834672
prpplus iteration=7 candidate=1 radius=0.03 ratio=0.2229410146
prpplus iteration=7 candidate=2 radius=0.01 ratio=0.2125149433
prpplus iteration=7 candidate=3 radius=0.003 ratio=0.2219183706
prpplus iteration=7 candidate=4 radius=0.001 ratio=0.2264709424
prpplus selected iteration=7 beta=0.4839823709 restart=none radius=0.01 ratio=0.2125149433 accepted=True
prpplus iteration=8 candidate=0 radius=0.1 ratio=0.2739743585
prpplus iteration=8 candidate=1 radius=0.03 ratio=0.1760689093
prpplus iteration=8 candidate=2 radius=0.01 ratio=0.1953430213
prpplus iteration=8 candidate=3 radius=0.003 ratio=0.2068723531
prpplus iteration=8 candidate=4 radius=0.001 ratio=0.2105897581
prpplus selected iteration=8 beta=1.026775228 restart=none radius=0.03 ratio=0.1760689093 accepted=True
prpplus iteration=9 candidate=0 radius=0.1 ratio=0.2397351112
prpplus iteration=9 candidate=1 radius=0.03 ratio=0.1517419324
prpplus iteration=9 candidate=2 radius=0.01 ratio=0.1626421161
prpplus iteration=9 candidate=3 radius=0.003 ratio=0.171476649
prpplus iteration=9 candidate=4 radius=0.001 ratio=0.1744839857
prpplus selected iteration=9 beta=1.856326006 restart=none radius=0.03 ratio=0.1517419324 accepted=True
prpplus iteration=10 candidate=0 radius=0.1 ratio=0.1946399093
prpplus iteration=10 candidate=1 radius=0.03 ratio=0.1345292468
prpplus iteration=10 candidate=2 radius=0.01 ratio=0.1433035007
prpplus iteration=10 candidate=3 radius=0.003 ratio=0.1489393876
prpplus iteration=10 candidate=4 radius=0.001 ratio=0.1507738633
prpplus selected iteration=10 beta=1.033905436 restart=none radius=0.03 ratio=0.1345292468 accepted=True
prpplus iteration=11 candidate=0 radius=0.1 ratio=0.4633859158
prpplus iteration=11 candidate=1 radius=0.03 ratio=0.1559925778
prpplus iteration=11 candidate=2 radius=0.01 ratio=0.122830132
prpplus iteration=11 candidate=3 radius=0.003 ratio=0.1281102891
prpplus iteration=11 candidate=4 radius=0.001 ratio=0.1321083722
prpplus selected iteration=11 beta=0.1060330756 restart=none radius=0.01 ratio=0.122830132 accepted=True
prpplus iteration=12 candidate=0 radius=0.1 ratio=0.377189864
prpplus iteration=12 candidate=1 radius=0.03 ratio=0.1220905061
prpplus iteration=12 candidate=2 radius=0.01 ratio=0.1112126709
prpplus iteration=12 candidate=3 radius=0.003 ratio=0.1179726617
prpplus iteration=12 candidate=4 radius=0.001 ratio=0.1210737433
prpplus selected iteration=12 beta=1.335403645 restart=none radius=0.01 ratio=0.1112126709 accepted=True
prpplus iteration=13 candidate=0 radius=0.1 ratio=0.6249716565
prpplus iteration=13 candidate=1 radius=0.03 ratio=0.2223565888
prpplus iteration=13 candidate=2 radius=0.01 ratio=0.110493471
prpplus iteration=13 candidate=3 radius=0.003 ratio=0.1059198534
prpplus iteration=13 candidate=4 radius=0.001 ratio=0.1090199738
prpplus selected iteration=13 beta=0.2864293187 restart=none radius=0.003 ratio=0.1059198534 accepted=True
prpplus iteration=14 candidate=0 radius=0.1 ratio=0.5134447783
prpplus iteration=14 candidate=1 radius=0.03 ratio=0.1833900288
prpplus iteration=14 candidate=2 radius=0.01 ratio=0.1099729794
prpplus iteration=14 candidate=3 radius=0.003 ratio=0.1036827944
prpplus iteration=14 candidate=4 radius=0.001 ratio=0.1048420275
prpplus selected iteration=14 beta=0 restart=negative_beta_clamped radius=0.003 ratio=0.1036827944 accepted=True
prpplus iteration=15 candidate=0 radius=0.1 ratio=0.2343578576
prpplus iteration=15 candidate=1 radius=0.03 ratio=0.1028612872
prpplus iteration=15 candidate=2 radius=0.01 ratio=0.09722620344
prpplus iteration=15 candidate=3 radius=0.003 ratio=0.1010140815
prpplus iteration=15 candidate=4 radius=0.001 ratio=0.1027223077
prpplus selected iteration=15 beta=0.7130664102 restart=none radius=0.01 ratio=0.09722620344 accepted=True
prpplus iteration=16 candidate=0 radius=0.1 ratio=0.2891752473
prpplus iteration=16 candidate=1 radius=0.03 ratio=0.1097333431
prpplus iteration=16 candidate=2 radius=0.01 ratio=0.09171190545
prpplus iteration=16 candidate=3 radius=0.003 ratio=0.09467326136
prpplus iteration=16 candidate=4 radius=0.001 ratio=0.09629822765
prpplus selected iteration=16 beta=2.289546296 restart=none radius=0.01 ratio=0.09171190545 accepted=True
prpplus iteration=17 candidate=0 radius=0.1 ratio=0.1343568837
prpplus iteration=17 candidate=1 radius=0.03 ratio=0.0834142682
prpplus iteration=17 candidate=2 radius=0.01 ratio=0.08686902427
prpplus iteration=17 candidate=3 radius=0.003 ratio=0.0900382897
prpplus iteration=17 candidate=4 radius=0.001 ratio=0.09113355055
prpplus selected iteration=17 beta=1.70054383 restart=none radius=0.03 ratio=0.0834142682 accepted=True
prpplus iteration=18 candidate=0 radius=0.1 ratio=0.1905187133
prpplus iteration=18 candidate=1 radius=0.03 ratio=0.1049576276
prpplus iteration=18 candidate=2 radius=0.01 ratio=0.08260638882
prpplus iteration=18 candidate=3 radius=0.003 ratio=0.08149146709
prpplus iteration=18 candidate=4 radius=0.001 ratio=0.08259001002
prpplus selected iteration=18 beta=0.5204160128 restart=none radius=0.003 ratio=0.08149146709 accepted=True
prpplus iteration=19 candidate=0 radius=0.1 ratio=0.4536804609
prpplus iteration=19 candidate=1 radius=0.03 ratio=0.1274718449
prpplus iteration=19 candidate=2 radius=0.01 ratio=0.07995263176
prpplus iteration=19 candidate=3 radius=0.003 ratio=0.07863631408
prpplus iteration=19 candidate=4 radius=0.001 ratio=0.08030122819
prpplus selected iteration=19 beta=0 restart=negative_beta_clamped radius=0.003 ratio=0.07863631408 accepted=True
prpplus iteration=20 candidate=0 radius=0.1 ratio=0.4571072339
prpplus iteration=20 candidate=1 radius=0.03 ratio=0.1110456578
prpplus iteration=20 candidate=2 radius=0.01 ratio=0.07586772838
prpplus iteration=20 candidate=3 radius=0.003 ratio=0.07623138193
prpplus iteration=20 candidate=4 radius=0.001 ratio=0.07768593918
prpplus selected iteration=20 beta=0.1723156225 restart=none radius=0.01 ratio=0.07586772838 accepted=True
prpplus iteration=21 candidate=0 radius=0.1 ratio=0.3628266337
prpplus iteration=21 candidate=1 radius=0.03 ratio=0.09312947445
prpplus iteration=21 candidate=2 radius=0.01 ratio=0.07537169749
prpplus iteration=21 candidate=3 radius=0.003 ratio=0.07508495473
prpplus iteration=21 candidate=4 radius=0.001 ratio=0.07554729842
prpplus selected iteration=21 beta=7.071140331 restart=none radius=0.003 ratio=0.07508495473 accepted=True
prpplus iteration=22 candidate=0 radius=0.1 ratio=0.4469644715
prpplus iteration=22 candidate=1 radius=0.03 ratio=0.2569230073
prpplus iteration=22 candidate=2 radius=0.01 ratio=0.09373485752
prpplus iteration=22 candidate=3 radius=0.003 ratio=0.07125711624
prpplus iteration=22 candidate=4 radius=0.001 ratio=0.0728896269
prpplus selected iteration=22 beta=0.01201147974 restart=none radius=0.003 ratio=0.07125711624 accepted=True
prpplus iteration=23 candidate=0 radius=0.1 ratio=0.3868706052
prpplus iteration=23 candidate=1 radius=0.03 ratio=0.1568937151
prpplus iteration=23 candidate=2 radius=0.01 ratio=0.08639396329
prpplus iteration=23 candidate=3 radius=0.003 ratio=0.07129579929
prpplus iteration=23 candidate=4 radius=0.001 ratio=0.07070652941
prpplus selected iteration=23 beta=0.1864895955 restart=none radius=0.001 ratio=0.07070652941 accepted=True
prpplus iteration=24 candidate=0 radius=0.1 ratio=0.4335208568
prpplus iteration=24 candidate=1 radius=0.03 ratio=0.1163551829
prpplus iteration=24 candidate=2 radius=0.01 ratio=0.07229988273
prpplus iteration=24 candidate=3 radius=0.003 ratio=0.06947624784
prpplus iteration=24 candidate=4 radius=0.001 ratio=0.07013534577
prpplus selected iteration=24 beta=0.1242185236 restart=none radius=0.003 ratio=0.06947624784 accepted=True
prpplus iteration=25 candidate=0 radius=0.1 ratio=0.3559896562
prpplus iteration=25 candidate=1 radius=0.03 ratio=0.09041130888
prpplus iteration=25 candidate=2 radius=0.01 ratio=0.06765817617
prpplus iteration=25 candidate=3 radius=0.003 ratio=0.06804354584
prpplus iteration=25 candidate=4 radius=0.001 ratio=0.0689191917
prpplus selected iteration=25 beta=1.521622462 restart=none radius=0.01 ratio=0.06765817617 accepted=True
prpplus iteration=26 candidate=0 radius=0.1 ratio=0.217401946
prpplus iteration=26 candidate=1 radius=0.03 ratio=0.0777722978
prpplus iteration=26 candidate=2 radius=0.01 ratio=0.06767205704
prpplus iteration=26 candidate=3 radius=0.003 ratio=0.06730953547
prpplus iteration=26 candidate=4 radius=0.001 ratio=0.06751305624
prpplus selected iteration=26 beta=8.914782619 restart=none radius=0.003 ratio=0.06730953547 accepted=True
prpplus iteration=27 candidate=0 radius=0.1 ratio=0.3673283869
prpplus iteration=27 candidate=1 radius=0.03 ratio=0.1326026451
prpplus iteration=27 candidate=2 radius=0.01 ratio=0.08492651802
prpplus iteration=27 candidate=3 radius=0.003 ratio=0.06569776707
prpplus iteration=27 candidate=4 radius=0.001 ratio=0.06558443086
prpplus selected iteration=27 beta=0.04420902315 restart=none radius=0.001 ratio=0.06558443086 accepted=True
prpplus iteration=28 candidate=0 radius=0.1 ratio=0.4860810334
prpplus iteration=28 candidate=1 radius=0.03 ratio=0.1736199188
prpplus iteration=28 candidate=2 radius=0.01 ratio=0.08480875511
prpplus iteration=28 candidate=3 radius=0.003 ratio=0.06555990061
prpplus iteration=28 candidate=4 radius=0.001 ratio=0.06479409387
prpplus selected iteration=28 beta=0 restart=negative_beta_clamped radius=0.001 ratio=0.06479409387 accepted=True
prpplus iteration=29 candidate=0 radius=0.1 ratio=0.6553239561
prpplus iteration=29 candidate=1 radius=0.03 ratio=0.1401933254
prpplus iteration=29 candidate=2 radius=0.01 ratio=0.06873003241
prpplus iteration=29 candidate=3 radius=0.003 ratio=0.06362501461
prpplus iteration=29 candidate=4 radius=0.001 ratio=0.06418427145
prpplus selected iteration=29 beta=0.04067110392 restart=none radius=0.003 ratio=0.06362501461 accepted=True
prpplus iteration=30 candidate=0 radius=0.1 ratio=0.373893059
prpplus iteration=30 candidate=1 radius=0.03 ratio=0.1042297387
prpplus iteration=30 candidate=2 radius=0.01 ratio=0.06579901839
prpplus iteration=30 candidate=3 radius=0.003 ratio=0.06259208172
prpplus iteration=30 candidate=4 radius=0.001 ratio=0.06310697036
prpplus selected iteration=30 beta=1.894091852 restart=none radius=0.003 ratio=0.06259208172 accepted=True
prpplus iteration=31 candidate=0 radius=0.1 ratio=0.3885564956
prpplus iteration=31 candidate=1 radius=0.03 ratio=0.1123352065
prpplus iteration=31 candidate=2 radius=0.01 ratio=0.06606919264
prpplus iteration=31 candidate=3 radius=0.003 ratio=0.06189872111
prpplus iteration=31 candidate=4 radius=0.001 ratio=0.06218994749
prpplus selected iteration=31 beta=0.4294888916 restart=none radius=0.003 ratio=0.06189872111 accepted=True
prpplus iteration=32 candidate=0 radius=0.1 ratio=0.1060309067
prpplus iteration=32 candidate=1 radius=0.03 ratio=0.05938583435
prpplus iteration=32 candidate=2 radius=0.01 ratio=0.0595006377
prpplus iteration=32 candidate=3 radius=0.003 ratio=0.06101393728
prpplus iteration=32 candidate=4 radius=0.001 ratio=0.06158720779
prpplus selected iteration=32 beta=1.778983168 restart=none radius=0.03 ratio=0.05938583435 accepted=True
prpplus iteration=33 candidate=0 radius=0.1 ratio=0.09029500678
prpplus iteration=33 candidate=1 radius=0.03 ratio=0.05625288052
prpplus iteration=33 candidate=2 radius=0.01 ratio=0.05720698017
prpplus iteration=33 candidate=3 radius=0.003 ratio=0.05861698584
prpplus iteration=33 candidate=4 radius=0.001 ratio=0.05912355228
prpplus selected iteration=33 beta=6.695797623 restart=none radius=0.03 ratio=0.05625288052 accepted=True
prpplus iteration=34 candidate=0 radius=0.1 ratio=0.312150436
prpplus iteration=34 candidate=1 radius=0.03 ratio=0.06482755341
prpplus iteration=34 candidate=2 radius=0.01 ratio=0.04889546205
prpplus iteration=34 candidate=3 radius=0.003 ratio=0.05284323253
prpplus iteration=34 candidate=4 radius=0.001 ratio=0.05500074369
prpplus selected iteration=34 beta=0.137877513 restart=none radius=0.01 ratio=0.04889546205 accepted=True
prpplus iteration=35 candidate=0 radius=0.1 ratio=0.6006685078
prpplus iteration=35 candidate=1 radius=0.03 ratio=0.1221365058
prpplus iteration=35 candidate=2 radius=0.01 ratio=0.0490468173
prpplus iteration=35 candidate=3 radius=0.003 ratio=0.04626369621
prpplus iteration=35 candidate=4 radius=0.001 ratio=0.04777567411
prpplus selected iteration=35 beta=0.5426772422 restart=none radius=0.003 ratio=0.04626369621 accepted=True
prpplus iteration=36 candidate=0 radius=0.1 ratio=0.7044254369
prpplus iteration=36 candidate=1 radius=0.03 ratio=0.1299781043
prpplus iteration=36 candidate=2 radius=0.01 ratio=0.05113656198
prpplus iteration=36 candidate=3 radius=0.003 ratio=0.04456071563
prpplus iteration=36 candidate=4 radius=0.001 ratio=0.04537349283
prpplus selected iteration=36 beta=0.1243261471 restart=none radius=0.003 ratio=0.04456071563 accepted=True
prpplus iteration=37 candidate=0 radius=0.1 ratio=0.8136982386
prpplus iteration=37 candidate=1 radius=0.03 ratio=0.137685131
prpplus iteration=37 candidate=2 radius=0.01 ratio=0.04949483429
prpplus iteration=37 candidate=3 radius=0.003 ratio=0.04342114033
prpplus iteration=37 candidate=4 radius=0.001 ratio=0.04394870831
prpplus selected iteration=37 beta=1.037734021 restart=none radius=0.003 ratio=0.04342114033 accepted=True
prpplus iteration=38 candidate=0 radius=0.1 ratio=0.5393972401
prpplus iteration=38 candidate=1 radius=0.03 ratio=0.08884052542
prpplus iteration=38 candidate=2 radius=0.01 ratio=0.04543435998
prpplus iteration=38 candidate=3 radius=0.003 ratio=0.04261431072
prpplus iteration=38 candidate=4 radius=0.001 ratio=0.04301840218
prpplus selected iteration=38 beta=0.4072670864 restart=none radius=0.003 ratio=0.04261431072 accepted=True
prpplus iteration=39 candidate=0 radius=0.1 ratio=0.4445397014
prpplus iteration=39 candidate=1 radius=0.03 ratio=0.1103746583
prpplus iteration=39 candidate=2 radius=0.01 ratio=0.05058129233
prpplus iteration=39 candidate=3 radius=0.003 ratio=0.04260731337
prpplus iteration=39 candidate=4 radius=0.001 ratio=0.04236193813
prpplus selected iteration=39 beta=0.2555380689 restart=none radius=0.001 ratio=0.04236193813 accepted=True
prpplus iteration=40 candidate=0 radius=0.1 ratio=0.3182810131
prpplus iteration=40 candidate=1 radius=0.03 ratio=0.06716100698
prpplus iteration=40 candidate=2 radius=0.01 ratio=0.04335223556
prpplus iteration=40 candidate=3 radius=0.003 ratio=0.04185499226
prpplus iteration=40 candidate=4 radius=0.001 ratio=0.04211546254
prpplus selected iteration=40 beta=0.2245960336 restart=none radius=0.003 ratio=0.04185499226 accepted=True
prpplus iteration=41 candidate=0 radius=0.1 ratio=0.3019415513
prpplus iteration=41 candidate=1 radius=0.03 ratio=0.06990499286
prpplus iteration=41 candidate=2 radius=0.01 ratio=0.04301653664
prpplus iteration=41 candidate=3 radius=0.003 ratio=0.04139884278
prpplus iteration=41 candidate=4 radius=0.001 ratio=0.04163112447
prpplus selected iteration=41 beta=3.613447593 restart=none radius=0.003 ratio=0.04139884278 accepted=True
prpplus iteration=42 candidate=0 radius=0.1 ratio=0.166766689
prpplus iteration=42 candidate=1 radius=0.03 ratio=0.04934129098
prpplus iteration=42 candidate=2 radius=0.01 ratio=0.04081232695
prpplus iteration=42 candidate=3 radius=0.003 ratio=0.04088057088
prpplus iteration=42 candidate=4 radius=0.001 ratio=0.041192881
prpplus selected iteration=42 beta=1.052845248 restart=none radius=0.01 ratio=0.04081232695 accepted=True
prpplus iteration=43 candidate=0 radius=0.1 ratio=0.1085652756
prpplus iteration=43 candidate=1 radius=0.03 ratio=0.04549591327
prpplus iteration=43 candidate=2 radius=0.01 ratio=0.04097487859
prpplus iteration=43 candidate=3 radius=0.003 ratio=0.04072151949
prpplus iteration=43 candidate=4 radius=0.001 ratio=0.04076829075
prpplus selected iteration=43 beta=4.281654822 restart=none radius=0.003 ratio=0.04072151949 accepted=True
prpplus iteration=44 candidate=0 radius=0.1 ratio=0.6109979
prpplus iteration=44 candidate=1 radius=0.03 ratio=0.2252311118
prpplus iteration=44 candidate=2 radius=0.01 ratio=0.06203431731
prpplus iteration=44 candidate=3 radius=0.003 ratio=0.04039019035
prpplus iteration=44 candidate=4 radius=0.001 ratio=0.03998200735
prpplus selected iteration=44 beta=0.0552036871 restart=none radius=0.001 ratio=0.03998200735 accepted=True
prpplus iteration=45 candidate=0 radius=0.1 ratio=0.6775879383
prpplus iteration=45 candidate=1 radius=0.03 ratio=0.1315661645
prpplus iteration=45 candidate=2 radius=0.01 ratio=0.04804920317
prpplus iteration=45 candidate=3 radius=0.003 ratio=0.03944564605
prpplus iteration=45 candidate=4 radius=0.001 ratio=0.03951416823
prpplus selected iteration=45 beta=0 restart=negative_beta_clamped radius=0.003 ratio=0.03944564605 accepted=True
prpplus iteration=46 candidate=0 radius=0.1 ratio=0.5622364911
prpplus iteration=46 candidate=1 radius=0.03 ratio=0.08749959527
prpplus iteration=46 candidate=2 radius=0.01 ratio=0.04300612757
prpplus iteration=46 candidate=3 radius=0.003 ratio=0.03917977518
prpplus iteration=46 candidate=4 radius=0.001 ratio=0.03922819065
prpplus selected iteration=46 beta=3.302245283 restart=none radius=0.003 ratio=0.03917977518 accepted=True
prpplus iteration=47 candidate=0 radius=0.1 ratio=0.4854378716
prpplus iteration=47 candidate=1 radius=0.03 ratio=0.1481633615
prpplus iteration=47 candidate=2 radius=0.01 ratio=0.05802169564
prpplus iteration=47 candidate=3 radius=0.003 ratio=0.03939592786
prpplus iteration=47 candidate=4 radius=0.001 ratio=0.03858656554
prpplus selected iteration=47 beta=0.1388720307 restart=none radius=0.001 ratio=0.03858656554 accepted=True
prpplus iteration=48 candidate=0 radius=0.1 ratio=0.6551542743
prpplus iteration=48 candidate=1 radius=0.03 ratio=0.1710195225
prpplus iteration=48 candidate=2 radius=0.01 ratio=0.05165223478
prpplus iteration=48 candidate=3 radius=0.003 ratio=0.03887911045
prpplus iteration=48 candidate=4 radius=0.001 ratio=0.038348292
prpplus selected iteration=48 beta=0 restart=negative_beta_clamped radius=0.001 ratio=0.038348292 accepted=True
prpplus iteration=49 candidate=0 radius=0.1 ratio=0.6564029584
prpplus iteration=49 candidate=1 radius=0.03 ratio=0.1766846129
prpplus iteration=49 candidate=2 radius=0.01 ratio=0.05356825038
prpplus iteration=49 candidate=3 radius=0.003 ratio=0.03902166289
prpplus iteration=49 candidate=4 radius=0.001 ratio=0.03822652925
prpplus selected iteration=49 beta=0.4517861294 restart=none radius=0.001 ratio=0.03822652925 accepted=True
prpplus iteration=50 candidate=0 radius=0.1 ratio=0.3525869139
prpplus iteration=50 candidate=1 radius=0.03 ratio=0.06697156945
prpplus iteration=50 candidate=2 radius=0.01 ratio=0.04036703554
prpplus iteration=50 candidate=3 radius=0.003 ratio=0.03808462184
prpplus iteration=50 candidate=4 radius=0.001 ratio=0.03810509534
prpplus selected iteration=50 beta=2.320120533 restart=none radius=0.003 ratio=0.03808462184 accepted=True
prpplus iteration=51 candidate=0 radius=0.1 ratio=0.2351078673
prpplus iteration=51 candidate=1 radius=0.03 ratio=0.07406371466
prpplus iteration=51 candidate=2 radius=0.01 ratio=0.0419741812
prpplus iteration=51 candidate=3 radius=0.003 ratio=0.03790753796
prpplus iteration=51 candidate=4 radius=0.001 ratio=0.03788398159
prpplus selected iteration=51 beta=1.152739784 restart=none radius=0.001 ratio=0.03788398159 accepted=True
prpplus iteration=52 candidate=0 radius=0.1 ratio=0.697762922
prpplus iteration=52 candidate=1 radius=0.03 ratio=0.1510925606
prpplus iteration=52 candidate=2 radius=0.01 ratio=0.05223080468
prpplus iteration=52 candidate=3 radius=0.003 ratio=0.03831693514
prpplus iteration=52 candidate=4 radius=0.001 ratio=0.03761411404
prpplus selected iteration=52 beta=0 restart=negative_beta_clamped radius=0.001 ratio=0.03761411404 accepted=True
prpplus iteration=53 candidate=0 radius=0.1 ratio=0.5994100092
prpplus iteration=53 candidate=1 radius=0.03 ratio=0.1193145973
prpplus iteration=53 candidate=2 radius=0.01 ratio=0.04768494886
prpplus iteration=53 candidate=3 radius=0.003 ratio=0.03797955724
prpplus iteration=53 candidate=4 radius=0.001 ratio=0.03745291254
prpplus selected iteration=53 beta=0.3805299852 restart=none radius=0.001 ratio=0.03745291254 accepted=True
prpplus iteration=54 candidate=0 radius=0.1 ratio=0.5839477174
prpplus iteration=54 candidate=1 radius=0.03 ratio=0.1071303413
prpplus iteration=54 candidate=2 radius=0.01 ratio=0.04358321453
prpplus iteration=54 candidate=3 radius=0.003 ratio=0.03751547132
prpplus iteration=54 candidate=4 radius=0.001 ratio=0.03731198849
prpplus selected iteration=54 beta=1.16685564 restart=none radius=0.001 ratio=0.03731198849 accepted=True
prpplus iteration=55 candidate=0 radius=0.1 ratio=0.3831871847
prpplus iteration=55 candidate=1 radius=0.03 ratio=0.08139644478
prpplus iteration=55 candidate=2 radius=0.01 ratio=0.04121046766
prpplus iteration=55 candidate=3 radius=0.003 ratio=0.03717638281
prpplus iteration=55 candidate=4 radius=0.001 ratio=0.0371406783
prpplus selected iteration=55 beta=0.3384587646 restart=none radius=0.001 ratio=0.0371406783 accepted=True
prpplus iteration=56 candidate=0 radius=0.1 ratio=0.3016054003
prpplus iteration=56 candidate=1 radius=0.03 ratio=0.07669821556
prpplus iteration=56 candidate=2 radius=0.01 ratio=0.04128278415
prpplus iteration=56 candidate=3 radius=0.003 ratio=0.03710567574
prpplus iteration=56 candidate=4 radius=0.001 ratio=0.03699808159
prpplus selected iteration=56 beta=0.3856875266 restart=none radius=0.001 ratio=0.03699808159 accepted=True
prpplus iteration=57 candidate=0 radius=0.1 ratio=0.2268144797
prpplus iteration=57 candidate=1 radius=0.03 ratio=0.05484555617
prpplus iteration=57 candidate=2 radius=0.01 ratio=0.03751642623
prpplus iteration=57 candidate=3 radius=0.003 ratio=0.03661951323
prpplus iteration=57 candidate=4 radius=0.001 ratio=0.03682260082
prpplus selected iteration=57 beta=1.87429708 restart=none radius=0.003 ratio=0.03661951323 accepted=True
prpplus iteration=58 candidate=0 radius=0.1 ratio=0.04703900455
prpplus iteration=58 candidate=1 radius=0.03 ratio=0.03414875286
prpplus iteration=58 candidate=2 radius=0.01 ratio=0.03526176794
prpplus iteration=58 candidate=3 radius=0.003 ratio=0.03615763434
prpplus iteration=58 candidate=4 radius=0.001 ratio=0.03646007292
prpplus selected iteration=58 beta=3.385474654 restart=none radius=0.03 ratio=0.03414875286 accepted=True
prpplus iteration=59 candidate=0 radius=0.1 ratio=0.03430609048
prpplus iteration=59 candidate=1 radius=0.03 ratio=0.03153531989
prpplus iteration=59 candidate=2 radius=0.01 ratio=0.0330247058
prpplus iteration=59 candidate=3 radius=0.003 ratio=0.0337866044
prpplus iteration=59 candidate=4 radius=0.001 ratio=0.03402510243
prpplus selected iteration=59 beta=3.316049456 restart=none radius=0.03 ratio=0.03153531989 accepted=True
prpplus iteration=60 candidate=0 radius=0.1 ratio=0.344227151
prpplus iteration=60 candidate=1 radius=0.03 ratio=0.05591886691
prpplus iteration=60 candidate=2 radius=0.01 ratio=0.03024316252
prpplus iteration=60 candidate=3 radius=0.003 ratio=0.03020079898
prpplus iteration=60 candidate=4 radius=0.001 ratio=0.03100225648
prpplus selected iteration=60 beta=0.1819234425 restart=none radius=0.003 ratio=0.03020079898 accepted=True
prpplus iteration=61 candidate=0 radius=0.1 ratio=0.6439171807
prpplus iteration=61 candidate=1 radius=0.03 ratio=0.1037491191
prpplus iteration=61 candidate=2 radius=0.01 ratio=0.03701406199
prpplus iteration=61 candidate=3 radius=0.003 ratio=0.02930273504
prpplus iteration=61 candidate=4 radius=0.001 ratio=0.02957771543
prpplus selected iteration=61 beta=0.1407234596 restart=none radius=0.003 ratio=0.02930273504 accepted=True
prpplus iteration=62 candidate=0 radius=0.1 ratio=0.7359117311
prpplus iteration=62 candidate=1 radius=0.03 ratio=0.09419392545
prpplus iteration=62 candidate=2 radius=0.01 ratio=0.03342010512
prpplus iteration=62 candidate=3 radius=0.003 ratio=0.02882476193
prpplus iteration=62 candidate=4 radius=0.001 ratio=0.02898604881
prpplus selected iteration=62 beta=2.505062879 restart=none radius=0.003 ratio=0.02882476193 accepted=True
prpplus iteration=63 candidate=0 radius=0.1 ratio=0.3795351559
prpplus iteration=63 candidate=1 radius=0.03 ratio=0.2265109092
prpplus iteration=63 candidate=2 radius=0.01 ratio=0.08735428563
prpplus iteration=63 candidate=3 radius=0.003 ratio=0.03225753311
prpplus iteration=63 candidate=4 radius=0.001 ratio=0.02859119018
prpplus selected iteration=63 beta=0 restart=negative_beta_clamped radius=0.001 ratio=0.02859119018 accepted=True
prpplus iteration=64 candidate=0 radius=0.1 ratio=0.7367984879
prpplus iteration=64 candidate=1 radius=0.03 ratio=0.2002328445
prpplus iteration=64 candidate=2 radius=0.01 ratio=0.04925816701
prpplus iteration=64 candidate=3 radius=0.003 ratio=0.03033313839
prpplus iteration=64 candidate=4 radius=0.001 ratio=0.02876363551
prpplus selected iteration=64 beta=0.9788812877 restart=none radius=0.001 ratio=0.02876363551 accepted=False
