scan 1/112 alpha099-start__negative-autograd__r00__plus ratio=0.9842874832
scan 2/112 alpha099-start__negative-autograd__r00__minus ratio=0.9667681303
scan 3/112 alpha099-start__negative-autograd__r01__plus ratio=0.9562253309
scan 4/112 alpha099-start__negative-autograd__r01__minus ratio=1.017877903
scan 5/112 alpha099-start__negative-autograd__r02__plus ratio=0.9609288478
scan 6/112 alpha099-start__negative-autograd__r02__minus ratio=1.080009042
scan 7/112 alpha099-start__negative-autograd__r03__plus ratio=0.6406457055
scan 8/112 alpha099-start__negative-autograd__r03__minus ratio=1.538012388
scan 9/112 alpha099-start__negative-autograd__r04__plus ratio=0.5098521558
scan 10/112 alpha099-start__negative-autograd__r04__minus ratio=2.424137938
scan 11/112 alpha099-start__negative-autograd__r05__plus ratio=0.9523878608
scan 12/112 alpha099-start__negative-autograd__r05__minus ratio=4.405371834
scan 13/112 alpha099-start__negative-autograd__r06__plus ratio=2.034256651
scan 14/112 alpha099-start__negative-autograd__r06__minus ratio=6.795580053
scan 15/112 alpha099-start__negative-adam-preconditioned__r00__plus ratio=1.001487002
scan 16/112 alpha099-start__negative-adam-preconditioned__r00__minus ratio=0.9622788397
scan 17/112 alpha099-start__negative-adam-preconditioned__r01__plus ratio=0.9563302932
scan 18/112 alpha099-start__negative-adam-preconditioned__r01__minus ratio=0.9309694153
scan 19/112 alpha099-start__negative-adam-preconditioned__r02__plus ratio=1.015636699
scan 20/112 alpha099-start__negative-adam-preconditioned__r02__minus ratio=1.044322387
scan 21/112 alpha099-start__negative-adam-preconditioned__r03__plus ratio=0.7955455858
scan 22/112 alpha099-start__negative-adam-preconditioned__r03__minus ratio=1.000317683
scan 23/112 alpha099-start__negative-adam-preconditioned__r04__plus ratio=0.5842356043
scan 24/112 alpha099-start__negative-adam-preconditioned__r04__minus ratio=1.559371899
scan 25/112 alpha099-start__negative-adam-preconditioned__r05__plus ratio=0.3891204178
scan 26/112 alpha099-start__negative-adam-preconditioned__r05__minus ratio=3.343994466
scan 27/112 alpha099-start__negative-adam-preconditioned__r06__plus ratio=1.458910366
scan 28/112 alpha099-start__negative-adam-preconditioned__r06__minus ratio=6.207483427
scan 29/112 alpha099-start__teacher-residual__r00__plus ratio=1.007251865
scan 30/112 alpha099-start__teacher-residual__r00__minus ratio=1.10235107
scan 31/112 alpha099-start__teacher-residual__r01__plus ratio=1.02579901
scan 32/112 alpha099-start__teacher-residual__r01__minus ratio=0.9680001471
scan 33/112 alpha099-start__teacher-residual__r02__plus ratio=1.013857286
scan 34/112 alpha099-start__teacher-residual__r02__minus ratio=0.9704254652
scan 35/112 alpha099-start__teacher-residual__r03__plus ratio=0.9768151547
scan 36/112 alpha099-start__teacher-residual__r03__minus ratio=1.024742181
scan 37/112 alpha099-start__teacher-residual__r04__plus ratio=0.80575941
scan 38/112 alpha099-start__teacher-residual__r04__minus ratio=1.074341399
scan 39/112 alpha099-start__teacher-residual__r05__plus ratio=0.4637059941
scan 40/112 alpha099-start__teacher-residual__r05__minus ratio=1.569124363
scan 41/112 alpha099-start__teacher-residual__r06__plus ratio=0.2368184089
scan 42/112 alpha099-start__teacher-residual__r06__minus ratio=2.193949739
scan 43/112 alpha099-start__deterministic-orthogonal-control__r00__plus ratio=1.008777582
scan 44/112 alpha099-start__deterministic-orthogonal-control__r00__minus ratio=0.9836848102
scan 45/112 alpha099-start__deterministic-orthogonal-control__r01__plus ratio=0.9648466528
scan 46/112 alpha099-start__deterministic-orthogonal-control__r01__minus ratio=1.111849731
scan 47/112 alpha099-start__deterministic-orthogonal-control__r02__plus ratio=1.006737055
scan 48/112 alpha099-start__deterministic-orthogonal-control__r02__minus ratio=0.9827469244
scan 49/112 alpha099-start__deterministic-orthogonal-control__r03__plus ratio=0.9724932016
scan 50/112 alpha099-start__deterministic-orthogonal-control__r03__minus ratio=1.004050406
scan 51/112 alpha099-start__deterministic-orthogonal-control__r04__plus ratio=0.9904784325
scan 52/112 alpha099-start__deterministic-orthogonal-control__r04__minus ratio=1.084789238
scan 53/112 alpha099-start__deterministic-orthogonal-control__r05__plus ratio=1.02038732
scan 54/112 alpha099-start__deterministic-orthogonal-control__r05__minus ratio=1.083423329
scan 55/112 alpha099-start__deterministic-orthogonal-control__r06__plus ratio=1.074029201
scan 56/112 alpha099-start__deterministic-orthogonal-control__r06__minus ratio=1.181492668
scan 57/112 lr001-raw256__negative-autograd__r00__plus ratio=1.009259611
scan 58/112 lr001-raw256__negative-autograd__r00__minus ratio=1
scan 59/112 lr001-raw256__negative-autograd__r01__plus ratio=0.9593767375
scan 60/112 lr001-raw256__negative-autograd__r01__minus ratio=0.987170911
scan 61/112 lr001-raw256__negative-autograd__r02__plus ratio=1.161736403
scan 62/112 lr001-raw256__negative-autograd__r02__minus ratio=1.093099766
scan 63/112 lr001-raw256__negative-autograd__r03__plus ratio=2.173378668
scan 64/112 lr001-raw256__negative-autograd__r03__minus ratio=1.764919788
scan 65/112 lr001-raw256__negative-autograd__r04__plus ratio=4.558835358
scan 66/112 lr001-raw256__negative-autograd__r04__minus ratio=3.968005421
scan 67/112 lr001-raw256__negative-autograd__r05__plus ratio=14.64779841
scan 68/112 lr001-raw256__negative-autograd__r05__minus ratio=11.12041896
scan 69/112 lr001-raw256__negative-autograd__r06__plus ratio=28.47800501
scan 70/112 lr001-raw256__negative-autograd__r06__minus ratio=24.30743217
scan 71/112 lr001-raw256__negative-adam-preconditioned__r00__plus ratio=0.9962929097
scan 72/112 lr001-raw256__negative-adam-preconditioned__r00__minus ratio=0.9563650462
scan 73/112 lr001-raw256__negative-adam-preconditioned__r01__plus ratio=1.027067206
scan 74/112 lr001-raw256__negative-adam-preconditioned__r01__minus ratio=0.9037108585
scan 75/112 lr001-raw256__negative-adam-preconditioned__r02__plus ratio=0.9527059758
scan 76/112 lr001-raw256__negative-adam-preconditioned__r02__minus ratio=0.9971335911
scan 77/112 lr001-raw256__negative-adam-preconditioned__r03__plus ratio=1.158539858
scan 78/112 lr001-raw256__negative-adam-preconditioned__r03__minus ratio=1.191168699
scan 79/112 lr001-raw256__negative-adam-preconditioned__r04__plus ratio=1.719393607
scan 80/112 lr001-raw256__negative-adam-preconditioned__r04__minus ratio=1.759734641
scan 81/112 lr001-raw256__negative-adam-preconditioned__r05__plus ratio=6.701350804
scan 82/112 lr001-raw256__negative-adam-preconditioned__r05__minus ratio=7.104744031
scan 83/112 lr001-raw256__negative-adam-preconditioned__r06__plus ratio=19.40458105
scan 84/112 lr001-raw256__negative-adam-preconditioned__r06__minus ratio=20.66663243
scan 85/112 lr001-raw256__teacher-residual__r00__plus ratio=0.9121591895
scan 86/112 lr001-raw256__teacher-residual__r00__minus ratio=0.9399257959
scan 87/112 lr001-raw256__teacher-residual__r01__plus ratio=1.026909585
scan 88/112 lr001-raw256__teacher-residual__r01__minus ratio=0.9500355369
scan 89/112 lr001-raw256__teacher-residual__r02__plus ratio=0.9206821624
scan 90/112 lr001-raw256__teacher-residual__r02__minus ratio=0.9807075685
scan 91/112 lr001-raw256__teacher-residual__r03__plus ratio=1.033711067
scan 92/112 lr001-raw256__teacher-residual__r03__minus ratio=1.085743053
scan 93/112 lr001-raw256__teacher-residual__r04__plus ratio=1.049847748
scan 94/112 lr001-raw256__teacher-residual__r04__minus ratio=1.190879691
scan 95/112 lr001-raw256__teacher-residual__r05__plus ratio=1.247070621
scan 96/112 lr001-raw256__teacher-residual__r05__minus ratio=1.61914955
scan 97/112 lr001-raw256__teacher-residual__r06__plus ratio=1.637881194
scan 98/112 lr001-raw256__teacher-residual__r06__minus ratio=2.473372198
scan 99/112 lr001-raw256__deterministic-orthogonal-control__r00__plus ratio=0.9607878773
scan 100/112 lr001-raw256__deterministic-orthogonal-control__r00__minus ratio=0.9904909521
scan 101/112 lr001-raw256__deterministic-orthogonal-control__r01__plus ratio=1.002336078
scan 102/112 lr001-raw256__deterministic-orthogonal-control__r01__minus ratio=1.081122585
scan 103/112 lr001-raw256__deterministic-orthogonal-control__r02__plus ratio=1.067095222
scan 104/112 lr001-raw256__deterministic-orthogonal-control__r02__minus ratio=0.9820814706
scan 105/112 lr001-raw256__deterministic-orthogonal-control__r03__plus ratio=1.0763027
scan 106/112 lr001-raw256__deterministic-orthogonal-control__r03__minus ratio=1.002067523
scan 107/112 lr001-raw256__deterministic-orthogonal-control__r04__plus ratio=1.135818451
scan 108/112 lr001-raw256__deterministic-orthogonal-control__r04__minus ratio=1.16401179
scan 109/112 lr001-raw256__deterministic-orthogonal-control__r05__plus ratio=1.486186503
scan 110/112 lr001-raw256__deterministic-orthogonal-control__r05__minus ratio=1.689722323
scan 111/112 lr001-raw256__deterministic-orthogonal-control__r06__plus ratio=2.476734257
scan 112/112 lr001-raw256__deterministic-orthogonal-control__r06__minus ratio=2.610649253
