{"stage": "mcq_anchor", "completed": 1, "correct": true}
{"stage": "mcq_anchor", "completed": 2, "correct": true}
{"stage": "mcq_anchor", "completed": 3, "correct": true}
{"stage": "mcq_anchor", "completed": 4, "correct": true}
{"stage": "mcq_anchor", "completed": 5, "correct": true}
{"stage": "mcq_anchor", "completed": 6, "correct": true}
{"stage": "mcq_anchor", "completed": 7, "correct": true}
{"stage": "mcq_anchor", "completed": 8, "correct": true}
{"stage": "mcq_anchor", "completed": 9, "correct": true}
{"stage": "mcq_anchor", "completed": 10, "correct": true}
{"stage": "mcq_anchor", "completed": 11, "correct": true}
{"stage": "mcq_anchor", "completed": 12, "correct": true}
{"stage": "mcq_anchor", "completed": 13, "correct": true}
{"stage": "mcq_anchor", "completed": 14, "correct": true}
{"stage": "mcq_anchor", "completed": 15, "correct": true}
{"stage": "mcq_anchor", "completed": 16, "correct": true}
{"stage": "mcq_anchor", "completed": 17, "correct": true}
{"stage": "mcq_anchor", "completed": 18, "correct": true}
{"stage": "mcq_anchor", "completed": 19, "correct": true}
{"stage": "mcq_anchor", "completed": 20, "correct": true}
{"stage": "mcq_anchor", "completed": 21, "correct": true}
{"stage": "mcq_anchor", "completed": 22, "correct": true}
{"stage": "mcq_anchor", "completed": 23, "correct": true}
{"stage": "mcq_anchor", "completed": 24, "correct": true}
{"stage": "mcq_anchor", "completed": 25, "correct": true}
{"stage": "mcq_anchor", "completed": 26, "correct": true}
{"stage": "mcq_anchor", "completed": 27, "correct": true}
{"stage": "mcq_anchor", "completed": 28, "correct": true}
{"stage": "mcq_anchor", "completed": 29, "correct": true}
{"stage": "mcq_anchor", "completed": 30, "correct": true}
{"stage": "mcq_anchor", "completed": 31, "correct": true}
{"stage": "mcq_anchor", "completed": 32, "correct": true}
{"stage": "open_generation", "completed": 1, "target_index": 0, "condition": "matched", "prompt_id": "original_open", "raw": "wood"}
{"stage": "open_generation", "completed": 2, "target_index": 0, "condition": "matched", "prompt_id": "paraphrase_open", "raw": "Linen"}
{"stage": "open_generation", "completed": 3, "target_index": 0, "condition": "blank", "prompt_id": "original_open", "raw": "None"}
{"stage": "open_generation", "completed": 4, "target_index": 0, "condition": "blank", "prompt_id": "paraphrase_open", "raw": "None"}
{"stage": "open_generation", "completed": 5, "target_index": 0, "condition": "donor", "prompt_id": "original_open", "raw": "wood"}
{"stage": "open_generation", "completed": 6, "target_index": 0, "condition": "donor", "prompt_id": "paraphrase_open", "raw": "Willow Room Train 000431 currently prefers the material: **Willow**."}
{"stage": "open_generation", "completed": 7, "target_index": 1, "condition": "matched", "prompt_id": "original_open", "raw": "indigo"}
{"stage": "open_generation", "completed": 8, "target_index": 1, "condition": "matched", "prompt_id": "paraphrase_open", "raw": "R3 Train Standard Templates 03"}
{"stage": "open_generation", "completed": 9, "target_index": 1, "condition": "blank", "prompt_id": "original_open", "raw": "No music preference recorded."}
{"stage": "open_generation", "completed": 10, "target_index": 1, "condition": "blank", "prompt_id": "paraphrase_open", "raw": "None"}
{"stage": "open_generation", "completed": 11, "target_index": 1, "condition": "donor", "prompt_id": "original_open", "raw": "Yellow, not indigo."}
{"stage": "open_generation", "completed": 12, "target_index": 1, "condition": "donor", "prompt_id": "paraphrase_open", "raw": "Yellow, not indigo."}
{"stage": "open_generation", "completed": 13, "target_index": 2, "condition": "matched", "prompt_id": "original_open", "raw": "Yellow"}
{"stage": "open_generation", "completed": 14, "target_index": 2, "condition": "matched", "prompt_id": "paraphrase_open", "raw": "Yellow"}
{"stage": "open_generation", "completed": 15, "target_index": 2, "condition": "blank", "prompt_id": "original_open", "raw": "gray"}
{"stage": "open_generation", "completed": 16, "target_index": 2, "condition": "blank", "prompt_id": "paraphrase_open", "raw": "gray"}
{"stage": "open_generation", "completed": 17, "target_index": 2, "condition": "donor", "prompt_id": "original_open", "raw": "yellow"}
{"stage": "open_generation", "completed": 18, "target_index": 2, "condition": "donor", "prompt_id": "paraphrase_open", "raw": "yellow"}
{"stage": "open_generation", "completed": 19, "target_index": 3, "condition": "matched", "prompt_id": "original_open", "raw": "yellow"}
{"stage": "open_generation", "completed": 20, "target_index": 3, "condition": "matched", "prompt_id": "paraphrase_open", "raw": "yellow"}
{"stage": "open_generation", "completed": 21, "target_index": 3, "condition": "blank", "prompt_id": "original_open", "raw": "gray"}
{"stage": "open_generation", "completed": 22, "target_index": 3, "condition": "blank", "prompt_id": "paraphrase_open", "raw": "gray"}
{"stage": "open_generation", "completed": 23, "target_index": 3, "condition": "donor", "prompt_id": "original_open", "raw": "Blue"}
{"stage": "open_generation", "completed": 24, "target_index": 3, "condition": "donor", "prompt_id": "paraphrase_open", "raw": "blue"}
{"stage": "open_generation", "completed": 25, "target_index": 4, "condition": "matched", "prompt_id": "original_open", "raw": "White"}
{"stage": "open_generation", "completed": 26, "target_index": 4, "condition": "matched", "prompt_id": "paraphrase_open", "raw": "White"}
{"stage": "open_generation", "completed": 27, "target_index": 4, "condition": "blank", "prompt_id": "original_open", "raw": "gray"}
{"stage": "open_generation", "completed": 28, "target_index": 4, "condition": "blank", "prompt_id": "paraphrase_open", "raw": "gray"}
{"stage": "open_generation", "completed": 29, "target_index": 4, "condition": "donor", "prompt_id": "original_open", "raw": "Yellow"}
{"stage": "open_generation", "completed": 30, "target_index": 4, "condition": "donor", "prompt_id": "paraphrase_open", "raw": "Blue"}
{"stage": "open_generation", "completed": 31, "target_index": 5, "condition": "matched", "prompt_id": "original_open", "raw": "Juice"}
{"stage": "open_generation", "completed": 32, "target_index": 5, "condition": "matched", "prompt_id": "paraphrase_open", "raw": "Juice"}
{"stage": "open_generation", "completed": 33, "target_index": 5, "condition": "blank", "prompt_id": "original_open", "raw": "No drink preference recorded."}
{"stage": "open_generation", "completed": 34, "target_index": 5, "condition": "blank", "prompt_id": "paraphrase_open", "raw": "None"}
{"stage": "open_generation", "completed": 35, "target_index": 5, "condition": "donor", "prompt_id": "original_open", "raw": "Coca-Cola"}
{"stage": "open_generation", "completed": 36, "target_index": 5, "condition": "donor", "prompt_id": "paraphrase_open", "raw": "Coca-Cola"}
{"stage": "open_generation", "completed": 37, "target_index": 6, "condition": "matched", "prompt_id": "original_open", "raw": "With one, food sort."}
{"stage": "open_generation", "completed": 38, "target_index": 6, "condition": "matched", "prompt_id": "paraphrase_open", "raw": "$11.00"}
{"stage": "open_generation", "completed": 39, "target_index": 6, "condition": "blank", "prompt_id": "original_open", "raw": "none"}
{"stage": "open_generation", "completed": 40, "target_index": 6, "condition": "blank", "prompt_id": "paraphrase_open", "raw": "None"}
{"stage": "open_generation", "completed": 41, "target_index": 6, "condition": "donor", "prompt_id": "original_open", "raw": "Vegetarian"}
{"stage": "open_generation", "completed": 42, "target_index": 6, "condition": "donor", "prompt_id": "paraphrase_open", "raw": "Green Vegetables"}
{"stage": "open_generation", "completed": 43, "target_index": 7, "condition": "matched", "prompt_id": "original_open", "raw": "Green"}
{"stage": "open_generation", "completed": 44, "target_index": 7, "condition": "matched", "prompt_id": "paraphrase_open", "raw": "Green"}
{"stage": "open_generation", "completed": 45, "target_index": 7, "condition": "blank", "prompt_id": "original_open", "raw": "gray"}
{"stage": "open_generation", "completed": 46, "target_index": 7, "condition": "blank", "prompt_id": "paraphrase_open", "raw": "gray"}
{"stage": "open_generation", "completed": 47, "target_index": 7, "condition": "donor", "prompt_id": "original_open", "raw": "blue"}
{"stage": "open_generation", "completed": 48, "target_index": 7, "condition": "donor", "prompt_id": "paraphrase_open", "raw": "Blue"}
