Loading pipeline components...:   0%|                    | 0/6 [00:00<?, ?it/s]Loading pipeline components...:  17%|██          | 1/6 [00:00<00:01,  3.98it/s]Loading pipeline components...:  67%|████████    | 4/6 [00:07<00:04,  2.12s/it]Loading pipeline components...:  83%|██████████  | 5/6 [00:09<00:01,  1.86s/it]Loading pipeline components...: 100%|████████████| 6/6 [00:09<00:00,  1.49s/it]Loading pipeline components...: 100%|████████████| 6/6 [00:09<00:00,  1.61s/it]
/inspire/ssd/project/exploration-topic/czxs26210936/envs/vlm-r3-ngc2502/lib/python3.12/site-packages/diffusers/loaders/lora_pipeline.py:6850: FutureWarning: `LoraLoaderMixin` is deprecated and will be removed in version 1.0.0. LoraLoaderMixin is deprecated and this will be removed in a future version. Please use `StableDiffusionLoraLoaderMixin`, instead.
  deprecate("LoraLoaderMixin", "1.0.0", deprecation_message)
{"cached": 1, "total": 32, "stage": "write"}
{"cached": 2, "total": 32, "stage": "write"}
{"cached": 3, "total": 32, "stage": "write"}
{"cached": 4, "total": 32, "stage": "write"}
{"cached": 5, "total": 32, "stage": "write"}
{"cached": 6, "total": 32, "stage": "write"}
{"cached": 7, "total": 32, "stage": "write"}
{"cached": 8, "total": 32, "stage": "write"}
{"cached": 9, "total": 32, "stage": "write"}
{"cached": 10, "total": 32, "stage": "write"}
{"cached": 11, "total": 32, "stage": "write"}
{"cached": 12, "total": 32, "stage": "write"}
{"cached": 13, "total": 32, "stage": "write"}
{"cached": 14, "total": 32, "stage": "write"}
{"cached": 15, "total": 32, "stage": "write"}
{"cached": 16, "total": 32, "stage": "write"}
{"cached": 17, "total": 32, "stage": "write"}
{"cached": 18, "total": 32, "stage": "write"}
{"cached": 19, "total": 32, "stage": "write"}
{"cached": 20, "total": 32, "stage": "write"}
{"cached": 21, "total": 32, "stage": "write"}
{"cached": 22, "total": 32, "stage": "write"}
{"cached": 23, "total": 32, "stage": "write"}
{"cached": 24, "total": 32, "stage": "write"}
{"cached": 25, "total": 32, "stage": "write"}
{"cached": 26, "total": 32, "stage": "write"}
{"cached": 27, "total": 32, "stage": "write"}
{"cached": 28, "total": 32, "stage": "write"}
{"cached": 29, "total": 32, "stage": "write"}
{"cached": 30, "total": 32, "stage": "write"}
{"cached": 31, "total": 32, "stage": "write"}
{"cached": 32, "total": 32, "stage": "write"}
{"step": 160, "mse": 0.24252181127667427, "seconds": 49.109040385112166}
{"step": 192, "mse": 0.5668003708124161, "seconds": 98.692901102826}
{"step": 224, "mse": 0.38134705275297165, "seconds": 147.70315518975258}
{"step": 256, "mse": 0.5282637439668179, "seconds": 196.67420008033514}
