Loading pipeline components...:   0%|                    | 0/6 [00:00<?, ?it/s]Loading pipeline components...:  17%|██          | 1/6 [00:00<00:01,  3.59it/s]Loading pipeline components...:  67%|████████    | 4/6 [00:08<00:04,  2.24s/it]Loading pipeline components...:  83%|██████████  | 5/6 [00:09<00:01,  1.95s/it]Loading pipeline components...: 100%|████████████| 6/6 [00:10<00:00,  1.56s/it]Loading pipeline components...: 100%|████████████| 6/6 [00:10<00:00,  1.69s/it]
/inspire/ssd/project/exploration-topic/czxs26210936/envs/vlm-r3-ngc2502/lib/python3.12/site-packages/diffusers/loaders/lora_pipeline.py:6850: FutureWarning: `LoraLoaderMixin` is deprecated and will be removed in version 1.0.0. LoraLoaderMixin is deprecated and this will be removed in a future version. Please use `StableDiffusionLoraLoaderMixin`, instead.
  deprecate("LoraLoaderMixin", "1.0.0", deprecation_message)
{"cached": 1, "total": 32, "stage": "write"}
{"cached": 2, "total": 32, "stage": "write"}
{"cached": 3, "total": 32, "stage": "write"}
{"cached": 4, "total": 32, "stage": "write"}
{"cached": 5, "total": 32, "stage": "write"}
{"cached": 6, "total": 32, "stage": "write"}
{"cached": 7, "total": 32, "stage": "write"}
{"cached": 8, "total": 32, "stage": "write"}
{"cached": 9, "total": 32, "stage": "write"}
{"cached": 10, "total": 32, "stage": "write"}
{"cached": 11, "total": 32, "stage": "write"}
{"cached": 12, "total": 32, "stage": "write"}
{"cached": 13, "total": 32, "stage": "write"}
{"cached": 14, "total": 32, "stage": "write"}
{"cached": 15, "total": 32, "stage": "write"}
{"cached": 16, "total": 32, "stage": "write"}
{"cached": 17, "total": 32, "stage": "write"}
{"cached": 18, "total": 32, "stage": "write"}
{"cached": 19, "total": 32, "stage": "write"}
{"cached": 20, "total": 32, "stage": "write"}
{"cached": 21, "total": 32, "stage": "write"}
{"cached": 22, "total": 32, "stage": "write"}
{"cached": 23, "total": 32, "stage": "write"}
{"cached": 24, "total": 32, "stage": "write"}
{"cached": 25, "total": 32, "stage": "write"}
{"cached": 26, "total": 32, "stage": "write"}
{"cached": 27, "total": 32, "stage": "write"}
{"cached": 28, "total": 32, "stage": "write"}
{"cached": 29, "total": 32, "stage": "write"}
{"cached": 30, "total": 32, "stage": "write"}
{"cached": 31, "total": 32, "stage": "write"}
{"cached": 32, "total": 32, "stage": "write"}
{"step": 32, "mse": 1.208480417728424, "seconds": 49.113253723829985}
{"step": 64, "mse": 0.9222036749124527, "seconds": 98.05440415255725}
{"step": 96, "mse": 0.6763898581266403, "seconds": 147.1552059687674}
{"step": 128, "mse": 0.583799198269844, "seconds": 196.41382887214422}
