Loading pipeline components...:   0%|                    | 0/6 [00:00<?, ?it/s]Loading pipeline components...:  17%|██          | 1/6 [00:00<00:01,  2.87it/s]Loading pipeline components...:  67%|████████    | 4/6 [00:09<00:04,  2.49s/it]Loading pipeline components...:  83%|██████████  | 5/6 [00:10<00:02,  2.15s/it]Loading pipeline components...: 100%|████████████| 6/6 [00:11<00:00,  1.77s/it]Loading pipeline components...: 100%|████████████| 6/6 [00:11<00:00,  1.90s/it]
/inspire/ssd/project/exploration-topic/czxs26210936/envs/vlm-r3-ngc2502/lib/python3.12/site-packages/diffusers/loaders/lora_pipeline.py:6850: FutureWarning: `LoraLoaderMixin` is deprecated and will be removed in version 1.0.0. LoraLoaderMixin is deprecated and this will be removed in a future version. Please use `StableDiffusionLoraLoaderMixin`, instead.
  deprecate("LoraLoaderMixin", "1.0.0", deprecation_message)
{"completed": "education_learning_styles:0001", "chain": 0}
{"completed": "education_learning_styles:0001", "chain": 1}
{"completed": "education_learning_styles:0007", "chain": 0}
{"completed": "education_learning_styles:0007", "chain": 1}
{"completed": "education_learning_styles:0009", "chain": 0}
{"completed": "education_learning_styles:0009", "chain": 1}
{"completed": "education_learning_styles:0030", "chain": 0}
{"completed": "education_learning_styles:0030", "chain": 1}
{"completed": "entertain_games:0001", "chain": 0}
{"completed": "entertain_games:0001", "chain": 1}
{"completed": "entertain_games:0007", "chain": 0}
{"completed": "entertain_games:0007", "chain": 1}
{"completed": "entertain_games:0023", "chain": 0}
{"completed": "entertain_games:0023", "chain": 1}
{"completed": "entertain_games:0036", "chain": 0}
{"completed": "entertain_games:0036", "chain": 1}
{"completed": "entertain_music_book:0012", "chain": 0}
{"completed": "entertain_music_book:0012", "chain": 1}
{"completed": "entertain_music_book:0016", "chain": 0}
{"completed": "entertain_music_book:0016", "chain": 1}
{"completed": "entertain_music_book:0038", "chain": 0}
{"completed": "entertain_music_book:0038", "chain": 1}
{"completed": "entertain_music_book:0044", "chain": 0}
{"completed": "entertain_music_book:0044", "chain": 1}
{"completed": "entertain_shows:0031", "chain": 0}
{"completed": "entertain_shows:0031", "chain": 1}
{"completed": "entertain_shows:0037", "chain": 0}
{"completed": "entertain_shows:0037", "chain": 1}
{"completed": "entertain_shows:0040", "chain": 0}
{"completed": "entertain_shows:0040", "chain": 1}
{"completed": "entertain_shows:0052", "chain": 0}
{"completed": "entertain_shows:0052", "chain": 1}
{"completed": "entertain_sports:0009", "chain": 0}
{"completed": "entertain_sports:0009", "chain": 1}
{"completed": "entertain_sports:0015", "chain": 0}
{"completed": "entertain_sports:0015", "chain": 1}
{"completed": "entertain_sports:0045", "chain": 0}
{"completed": "entertain_sports:0045", "chain": 1}
{"completed": "entertain_sports:0048", "chain": 0}
{"completed": "entertain_sports:0048", "chain": 1}
{"completed": "lifestyle_beauty:0002", "chain": 0}
{"completed": "lifestyle_beauty:0002", "chain": 1}
{"completed": "lifestyle_beauty:0012", "chain": 0}
{"completed": "lifestyle_beauty:0012", "chain": 1}
{"completed": "lifestyle_beauty:0037", "chain": 0}
{"completed": "lifestyle_beauty:0037", "chain": 1}
{"completed": "lifestyle_beauty:0038", "chain": 0}
{"completed": "lifestyle_beauty:0038", "chain": 1}
{"completed": "lifestyle_dietary:0017", "chain": 0}
{"completed": "lifestyle_dietary:0017", "chain": 1}
{"completed": "lifestyle_dietary:0022", "chain": 0}
{"completed": "lifestyle_dietary:0022", "chain": 1}
{"completed": "lifestyle_dietary:0042", "chain": 0}
{"completed": "lifestyle_dietary:0042", "chain": 1}
{"completed": "lifestyle_dietary:0047", "chain": 0}
{"completed": "lifestyle_dietary:0047", "chain": 1}
{"completed": "lifestyle_fit:0000", "chain": 0}
{"completed": "lifestyle_fit:0000", "chain": 1}
{"completed": "lifestyle_fit:0011", "chain": 0}
{"completed": "lifestyle_fit:0011", "chain": 1}
{"completed": "lifestyle_fit:0017", "chain": 0}
{"completed": "lifestyle_fit:0017", "chain": 1}
{"completed": "lifestyle_fit:0038", "chain": 0}
{"completed": "lifestyle_fit:0038", "chain": 1}
