`torch_dtype` is deprecated! Use `dtype` instead!
Loading checkpoint shards:   0%|                         | 0/2 [00:00<?, ?it/s]Loading checkpoint shards:  50%|████████▌        | 1/2 [00:01<00:01,  1.76s/it]Loading checkpoint shards: 100%|█████████████████| 2/2 [00:03<00:00,  1.77s/it]Loading checkpoint shards: 100%|█████████████████| 2/2 [00:03<00:00,  1.77s/it]
/inspire/ssd/project/exploration-topic/czxs26210936/envs/vlm-r3-ngc2502/lib/python3.12/site-packages/transformers/models/qwen3_vl/modeling_qwen3_vl.py:610: UserWarning: Specified kernel cache directory could not be created! This disables kernel caching. Specified directory is /root/.cache/torch/kernels. This warning will appear only once per process. (Triggered internally at /opt/pytorch/pytorch/aten/src/ATen/native/cuda/jit_utils.cpp:1442.)
  total_tokens = int(torch.prod(grid_thw, dim=1).sum().item())
{"pair_id": "entertain_games:0000", "arm": "A", "step": 24, "family": "T3", "ce": 1.7909860610961914, "answer_tokens_with_eos": 223, "grad_norm": 0.1344033032655716, "option_order": null, "elapsed_seconds": 11.402893635095097, "item": 1, "items": 333}
{"pair_id": "entertain_games:0000", "arm": "A", "step": 48, "family": "T3", "ce": 1.5312780141830444, "answer_tokens_with_eos": 223, "grad_norm": 0.16098131239414215, "option_order": null, "elapsed_seconds": 21.15046798705589, "item": 1, "items": 333}
{"pair_id": "entertain_games:0000", "arm": "A", "step": 72, "family": "T3", "ce": 1.3215636014938354, "answer_tokens_with_eos": 223, "grad_norm": 0.3896375596523285, "option_order": null, "elapsed_seconds": 31.12647767807357, "item": 1, "items": 333}
{"pair_id": "entertain_games:0000", "arm": "A", "step": 96, "family": "T3", "ce": 1.4248802661895752, "answer_tokens_with_eos": 223, "grad_norm": 0.17443856596946716, "option_order": null, "elapsed_seconds": 41.1308510589879, "item": 1, "items": 333}
{"pair_id": "entertain_games:0000", "arm": "A", "step": 120, "family": "T3", "ce": 1.1684980392456055, "answer_tokens_with_eos": 223, "grad_norm": 0.23464417457580566, "option_order": null, "elapsed_seconds": 51.143801041995175, "item": 1, "items": 333}
{"pair_id": "entertain_games:0000", "arm": "A", "step": 144, "family": "T3", "ce": 0.9873185753822327, "answer_tokens_with_eos": 223, "grad_norm": 0.1570311039686203, "option_order": null, "elapsed_seconds": 61.063426734064706, "item": 1, "items": 333}
{"pair_id": "entertain_games:0000", "arm": "A", "step": 168, "family": "T3", "ce": 0.8066340088844299, "answer_tokens_with_eos": 223, "grad_norm": 0.10743717849254608, "option_order": null, "elapsed_seconds": 71.05502115399577, "item": 1, "items": 333}
{"pair_id": "entertain_games:0000", "arm": "A", "step": 192, "family": "T3", "ce": 0.7401334047317505, "answer_tokens_with_eos": 223, "grad_norm": 0.15237443149089813, "option_order": null, "elapsed_seconds": 81.04784431902226, "item": 1, "items": 333}
{"pair_id": "entertain_games:0000", "arm": "A", "step": 216, "family": "T3", "ce": 0.777376651763916, "answer_tokens_with_eos": 223, "grad_norm": 0.458677738904953, "option_order": null, "elapsed_seconds": 90.90831772808451, "item": 1, "items": 333}
{"pair_id": "entertain_games:0000", "arm": "A", "step": 240, "family": "T3", "ce": 0.6661783456802368, "answer_tokens_with_eos": 223, "grad_norm": 0.10489124059677124, "option_order": null, "elapsed_seconds": 100.49479649798013, "item": 1, "items": 333}
{"pair_id": "entertain_games:0000", "arm": "A", "step": 264, "family": "T3", "ce": 0.7318153977394104, "answer_tokens_with_eos": 223, "grad_norm": 0.1810012310743332, "option_order": null, "elapsed_seconds": 110.1257792840479, "item": 1, "items": 333}
{"pair_id": "entertain_games:0000", "arm": "A", "step": 288, "family": "T3", "ce": 0.5535696744918823, "answer_tokens_with_eos": 223, "grad_norm": 0.0843946635723114, "option_order": null, "elapsed_seconds": 119.7369181860704, "item": 1, "items": 333}
{"completed": "entertain_games:0000", "arm": "A"}
{"pair_id": "entertain_games:0003", "arm": "A", "step": 24, "family": "T3", "ce": 1.247041940689087, "answer_tokens_with_eos": 216, "grad_norm": 0.06496952474117279, "option_order": null, "elapsed_seconds": 9.620454682968557, "item": 2, "items": 333}
{"pair_id": "entertain_games:0003", "arm": "A", "step": 48, "family": "T3", "ce": 1.002721905708313, "answer_tokens_with_eos": 216, "grad_norm": 0.22878456115722656, "option_order": null, "elapsed_seconds": 19.143424903973937, "item": 2, "items": 333}
{"pair_id": "entertain_games:0003", "arm": "A", "step": 72, "family": "T3", "ce": 0.8158928155899048, "answer_tokens_with_eos": 216, "grad_norm": 0.089458167552948, "option_order": null, "elapsed_seconds": 28.74694521597121, "item": 2, "items": 333}
{"pair_id": "entertain_games:0003", "arm": "A", "step": 96, "family": "T3", "ce": 0.7445957064628601, "answer_tokens_with_eos": 216, "grad_norm": 0.09616579115390778, "option_order": null, "elapsed_seconds": 38.368195794988424, "item": 2, "items": 333}
{"pair_id": "entertain_games:0003", "arm": "A", "step": 120, "family": "T3", "ce": 0.6471810340881348, "answer_tokens_with_eos": 216, "grad_norm": 0.061908185482025146, "option_order": null, "elapsed_seconds": 47.90875777998008, "item": 2, "items": 333}
{"pair_id": "entertain_games:0003", "arm": "A", "step": 144, "family": "T3", "ce": 0.6903830766677856, "answer_tokens_with_eos": 216, "grad_norm": 0.14890259504318237, "option_order": null, "elapsed_seconds": 57.46288215694949, "item": 2, "items": 333}
{"pair_id": "entertain_games:0003", "arm": "A", "step": 168, "family": "T3", "ce": 0.5643839240074158, "answer_tokens_with_eos": 216, "grad_norm": 0.23917987942695618, "option_order": null, "elapsed_seconds": 66.99362955696415, "item": 2, "items": 333}
{"pair_id": "entertain_games:0003", "arm": "A", "step": 192, "family": "T3", "ce": 0.39652541279792786, "answer_tokens_with_eos": 216, "grad_norm": 0.1152413934469223, "option_order": null, "elapsed_seconds": 76.53841824899428, "item": 2, "items": 333}
{"pair_id": "entertain_games:0003", "arm": "A", "step": 216, "family": "T3", "ce": 0.25690558552742004, "answer_tokens_with_eos": 216, "grad_norm": 0.07881689071655273, "option_order": null, "elapsed_seconds": 86.0892889139941, "item": 2, "items": 333}
{"pair_id": "entertain_games:0003", "arm": "A", "step": 240, "family": "T3", "ce": 0.4621663987636566, "answer_tokens_with_eos": 216, "grad_norm": 0.1297157257795334, "option_order": null, "elapsed_seconds": 95.62124459794722, "item": 2, "items": 333}
{"pair_id": "entertain_games:0003", "arm": "A", "step": 264, "family": "T3", "ce": 0.2672557234764099, "answer_tokens_with_eos": 216, "grad_norm": 0.0980454757809639, "option_order": null, "elapsed_seconds": 105.15550259500742, "item": 2, "items": 333}
{"pair_id": "entertain_games:0003", "arm": "A", "step": 288, "family": "T3", "ce": 0.12413852661848068, "answer_tokens_with_eos": 216, "grad_norm": 0.055955976247787476, "option_order": null, "elapsed_seconds": 114.69227306102403, "item": 2, "items": 333}
{"completed": "entertain_games:0003", "arm": "A"}
{"pair_id": "entertain_games:0005", "arm": "A", "step": 24, "family": "T3", "ce": 1.3715499639511108, "answer_tokens_with_eos": 233, "grad_norm": 0.10618133097887039, "option_order": null, "elapsed_seconds": 9.48070632002782, "item": 3, "items": 333}
{"pair_id": "entertain_games:0005", "arm": "A", "step": 48, "family": "T3", "ce": 1.176310420036316, "answer_tokens_with_eos": 233, "grad_norm": 0.19366252422332764, "option_order": null, "elapsed_seconds": 19.001082341070287, "item": 3, "items": 333}
{"pair_id": "entertain_games:0005", "arm": "A", "step": 72, "family": "T3", "ce": 0.9469984769821167, "answer_tokens_with_eos": 233, "grad_norm": 0.08915890753269196, "option_order": null, "elapsed_seconds": 28.5170239090221, "item": 3, "items": 333}
{"pair_id": "entertain_games:0005", "arm": "A", "step": 96, "family": "T3", "ce": 0.8452214002609253, "answer_tokens_with_eos": 233, "grad_norm": 0.16823254525661469, "option_order": null, "elapsed_seconds": 38.03752071899362, "item": 3, "items": 333}
{"pair_id": "entertain_games:0005", "arm": "A", "step": 120, "family": "T3", "ce": 0.7908081412315369, "answer_tokens_with_eos": 233, "grad_norm": 0.15518245100975037, "option_order": null, "elapsed_seconds": 47.572039236081764, "item": 3, "items": 333}
{"pair_id": "entertain_games:0005", "arm": "A", "step": 144, "family": "T3", "ce": 0.660886287689209, "answer_tokens_with_eos": 233, "grad_norm": 0.09947926551103592, "option_order": null, "elapsed_seconds": 57.07329124305397, "item": 3, "items": 333}
{"pair_id": "entertain_games:0005", "arm": "A", "step": 168, "family": "T3", "ce": 0.46848300099372864, "answer_tokens_with_eos": 233, "grad_norm": 0.08079176396131516, "option_order": null, "elapsed_seconds": 66.61323891510256, "item": 3, "items": 333}
{"pair_id": "entertain_games:0005", "arm": "A", "step": 192, "family": "T3", "ce": 0.38734573125839233, "answer_tokens_with_eos": 233, "grad_norm": 0.09776896983385086, "option_order": null, "elapsed_seconds": 76.15400151710492, "item": 3, "items": 333}
{"pair_id": "entertain_games:0005", "arm": "A", "step": 216, "family": "T3", "ce": 0.36267510056495667, "answer_tokens_with_eos": 233, "grad_norm": 0.1097927913069725, "option_order": null, "elapsed_seconds": 85.70261648809537, "item": 3, "items": 333}
{"pair_id": "entertain_games:0005", "arm": "A", "step": 240, "family": "T3", "ce": 0.2572801113128662, "answer_tokens_with_eos": 233, "grad_norm": 0.19152893126010895, "option_order": null, "elapsed_seconds": 95.22643893409986, "item": 3, "items": 333}
{"pair_id": "entertain_games:0005", "arm": "A", "step": 264, "family": "T3", "ce": 0.27366435527801514, "answer_tokens_with_eos": 233, "grad_norm": 0.27454158663749695, "option_order": null, "elapsed_seconds": 104.74069217010401, "item": 3, "items": 333}
{"pair_id": "entertain_games:0005", "arm": "A", "step": 288, "family": "T3", "ce": 0.33179160952568054, "answer_tokens_with_eos": 233, "grad_norm": 0.17192499339580536, "option_order": null, "elapsed_seconds": 114.25696020305622, "item": 3, "items": 333}
{"completed": "entertain_games:0005", "arm": "A"}
{"pair_id": "entertain_games:0009", "arm": "A", "step": 24, "family": "T3", "ce": 1.4561047554016113, "answer_tokens_with_eos": 224, "grad_norm": 0.07389900088310242, "option_order": null, "elapsed_seconds": 9.462684176978655, "item": 4, "items": 333}
{"pair_id": "entertain_games:0009", "arm": "A", "step": 48, "family": "T3", "ce": 1.341869831085205, "answer_tokens_with_eos": 224, "grad_norm": 0.06899166107177734, "option_order": null, "elapsed_seconds": 18.985965416999534, "item": 4, "items": 333}
{"pair_id": "entertain_games:0009", "arm": "A", "step": 72, "family": "T3", "ce": 1.2583290338516235, "answer_tokens_with_eos": 224, "grad_norm": 0.06483794748783112, "option_order": null, "elapsed_seconds": 28.835784166003577, "item": 4, "items": 333}
{"pair_id": "entertain_games:0009", "arm": "A", "step": 96, "family": "T3", "ce": 1.200822114944458, "answer_tokens_with_eos": 224, "grad_norm": 0.15375635027885437, "option_order": null, "elapsed_seconds": 38.88462052401155, "item": 4, "items": 333}
{"pair_id": "entertain_games:0009", "arm": "A", "step": 120, "family": "T3", "ce": 1.4917339086532593, "answer_tokens_with_eos": 224, "grad_norm": 0.10823316127061844, "option_order": null, "elapsed_seconds": 48.9844626680715, "item": 4, "items": 333}
{"pair_id": "entertain_games:0009", "arm": "A", "step": 144, "family": "T3", "ce": 1.259101152420044, "answer_tokens_with_eos": 224, "grad_norm": 0.07280633598566055, "option_order": null, "elapsed_seconds": 59.066871540038846, "item": 4, "items": 333}
{"pair_id": "entertain_games:0009", "arm": "A", "step": 168, "family": "T3", "ce": 1.047931432723999, "answer_tokens_with_eos": 224, "grad_norm": 0.09903576970100403, "option_order": null, "elapsed_seconds": 69.22813466505613, "item": 4, "items": 333}
{"pair_id": "entertain_games:0009", "arm": "A", "step": 192, "family": "T3", "ce": 0.9339230060577393, "answer_tokens_with_eos": 224, "grad_norm": 0.08645796030759811, "option_order": null, "elapsed_seconds": 79.30833348201122, "item": 4, "items": 333}
{"pair_id": "entertain_games:0009", "arm": "A", "step": 216, "family": "T3", "ce": 0.8270518779754639, "answer_tokens_with_eos": 224, "grad_norm": 0.21078218519687653, "option_order": null, "elapsed_seconds": 89.45118995103985, "item": 4, "items": 333}
{"pair_id": "entertain_games:0009", "arm": "A", "step": 240, "family": "T3", "ce": 0.8037545680999756, "answer_tokens_with_eos": 224, "grad_norm": 0.2104450762271881, "option_order": null, "elapsed_seconds": 99.56522100197617, "item": 4, "items": 333}
{"pair_id": "entertain_games:0009", "arm": "A", "step": 264, "family": "T3", "ce": 0.5531682968139648, "answer_tokens_with_eos": 224, "grad_norm": 0.2136738896369934, "option_order": null, "elapsed_seconds": 109.69691748602781, "item": 4, "items": 333}
{"pair_id": "entertain_games:0009", "arm": "A", "step": 288, "family": "T3", "ce": 0.3715161979198456, "answer_tokens_with_eos": 224, "grad_norm": 0.134164959192276, "option_order": null, "elapsed_seconds": 119.84791010199115, "item": 4, "items": 333}
{"completed": "entertain_games:0009", "arm": "A"}
{"pair_id": "entertain_games:0012", "arm": "A", "step": 24, "family": "T3", "ce": 1.2252235412597656, "answer_tokens_with_eos": 226, "grad_norm": 0.12739479541778564, "option_order": null, "elapsed_seconds": 10.105500417063013, "item": 5, "items": 333}
{"pair_id": "entertain_games:0012", "arm": "A", "step": 48, "family": "T3", "ce": 0.975475549697876, "answer_tokens_with_eos": 226, "grad_norm": 0.21259142458438873, "option_order": null, "elapsed_seconds": 20.22928478405811, "item": 5, "items": 333}
{"pair_id": "entertain_games:0012", "arm": "A", "step": 72, "family": "T3", "ce": 0.8054214715957642, "answer_tokens_with_eos": 226, "grad_norm": 0.12210700660943985, "option_order": null, "elapsed_seconds": 30.3336448490154, "item": 5, "items": 333}
{"pair_id": "entertain_games:0012", "arm": "A", "step": 96, "family": "T3", "ce": 0.6313775777816772, "answer_tokens_with_eos": 226, "grad_norm": 0.10641983896493912, "option_order": null, "elapsed_seconds": 40.46274250897113, "item": 5, "items": 333}
{"pair_id": "entertain_games:0012", "arm": "A", "step": 120, "family": "T3", "ce": 0.49245554208755493, "answer_tokens_with_eos": 226, "grad_norm": 0.10566706210374832, "option_order": null, "elapsed_seconds": 50.59963527903892, "item": 5, "items": 333}
{"pair_id": "entertain_games:0012", "arm": "A", "step": 144, "family": "T3", "ce": 0.4267512559890747, "answer_tokens_with_eos": 226, "grad_norm": 0.14278869330883026, "option_order": null, "elapsed_seconds": 60.70817297499161, "item": 5, "items": 333}
{"pair_id": "entertain_games:0012", "arm": "A", "step": 168, "family": "T3", "ce": 0.5325503349304199, "answer_tokens_with_eos": 226, "grad_norm": 0.21596600115299225, "option_order": null, "elapsed_seconds": 70.87579770199955, "item": 5, "items": 333}
{"pair_id": "entertain_games:0012", "arm": "A", "step": 192, "family": "T3", "ce": 0.43039655685424805, "answer_tokens_with_eos": 226, "grad_norm": 0.9932234883308411, "option_order": null, "elapsed_seconds": 81.02532531798352, "item": 5, "items": 333}
{"pair_id": "entertain_games:0012", "arm": "A", "step": 216, "family": "T3", "ce": 0.32585445046424866, "answer_tokens_with_eos": 226, "grad_norm": 0.07416238635778427, "option_order": null, "elapsed_seconds": 91.14595718798228, "item": 5, "items": 333}
{"pair_id": "entertain_games:0012", "arm": "A", "step": 240, "family": "T3", "ce": 0.24663673341274261, "answer_tokens_with_eos": 226, "grad_norm": 0.0769100934267044, "option_order": null, "elapsed_seconds": 101.286481912015, "item": 5, "items": 333}
{"pair_id": "entertain_games:0012", "arm": "A", "step": 264, "family": "T3", "ce": 0.14097514748573303, "answer_tokens_with_eos": 226, "grad_norm": 0.06343483179807663, "option_order": null, "elapsed_seconds": 111.37799793703016, "item": 5, "items": 333}
{"pair_id": "entertain_games:0012", "arm": "A", "step": 288, "family": "T3", "ce": 0.16860605776309967, "answer_tokens_with_eos": 226, "grad_norm": 0.17897480726242065, "option_order": null, "elapsed_seconds": 121.51530129602179, "item": 5, "items": 333}
{"completed": "entertain_games:0012", "arm": "A"}
{"pair_id": "entertain_games:0014", "arm": "A", "step": 24, "family": "T3", "ce": 1.761600136756897, "answer_tokens_with_eos": 209, "grad_norm": 0.13263171911239624, "option_order": null, "elapsed_seconds": 10.1500441969838, "item": 6, "items": 333}
{"pair_id": "entertain_games:0014", "arm": "A", "step": 48, "family": "T3", "ce": 1.6696720123291016, "answer_tokens_with_eos": 209, "grad_norm": 0.07902492582798004, "option_order": null, "elapsed_seconds": 20.27573675196618, "item": 6, "items": 333}
{"pair_id": "entertain_games:0014", "arm": "A", "step": 72, "family": "T3", "ce": 1.592003583908081, "answer_tokens_with_eos": 209, "grad_norm": 0.13977941870689392, "option_order": null, "elapsed_seconds": 30.42224216402974, "item": 6, "items": 333}
{"pair_id": "entertain_games:0014", "arm": "A", "step": 96, "family": "T3", "ce": 1.4675236940383911, "answer_tokens_with_eos": 209, "grad_norm": 0.185806542634964, "option_order": null, "elapsed_seconds": 40.58137838006951, "item": 6, "items": 333}
{"pair_id": "entertain_games:0014", "arm": "A", "step": 120, "family": "T3", "ce": 1.3371233940124512, "answer_tokens_with_eos": 209, "grad_norm": 0.18232691287994385, "option_order": null, "elapsed_seconds": 50.74538187705912, "item": 6, "items": 333}
{"pair_id": "entertain_games:0014", "arm": "A", "step": 144, "family": "T3", "ce": 1.20979642868042, "answer_tokens_with_eos": 209, "grad_norm": 0.08510717004537582, "option_order": null, "elapsed_seconds": 60.78333860298153, "item": 6, "items": 333}
{"pair_id": "entertain_games:0014", "arm": "A", "step": 168, "family": "T3", "ce": 1.1330982446670532, "answer_tokens_with_eos": 209, "grad_norm": 0.10565094649791718, "option_order": null, "elapsed_seconds": 70.89891449804418, "item": 6, "items": 333}
{"pair_id": "entertain_games:0014", "arm": "A", "step": 192, "family": "T3", "ce": 1.137095332145691, "answer_tokens_with_eos": 209, "grad_norm": 0.13377496600151062, "option_order": null, "elapsed_seconds": 81.07352682005148, "item": 6, "items": 333}
{"pair_id": "entertain_games:0014", "arm": "A", "step": 216, "family": "T3", "ce": 1.021437644958496, "answer_tokens_with_eos": 209, "grad_norm": 0.17159134149551392, "option_order": null, "elapsed_seconds": 91.18420992605388, "item": 6, "items": 333}
{"pair_id": "entertain_games:0014", "arm": "A", "step": 240, "family": "T3", "ce": 0.9549109935760498, "answer_tokens_with_eos": 209, "grad_norm": 0.15051864087581635, "option_order": null, "elapsed_seconds": 101.33227168000303, "item": 6, "items": 333}
{"pair_id": "entertain_games:0014", "arm": "A", "step": 264, "family": "T3", "ce": 0.8462061285972595, "answer_tokens_with_eos": 209, "grad_norm": 0.291940301656723, "option_order": null, "elapsed_seconds": 111.49588758999016, "item": 6, "items": 333}
{"pair_id": "entertain_games:0014", "arm": "A", "step": 288, "family": "T3", "ce": 0.8834154009819031, "answer_tokens_with_eos": 209, "grad_norm": 0.24797655642032623, "option_order": null, "elapsed_seconds": 121.58425163803622, "item": 6, "items": 333}
{"completed": "entertain_games:0014", "arm": "A"}
{"pair_id": "entertain_games:0016", "arm": "A", "step": 24, "family": "T3", "ce": 1.520158290863037, "answer_tokens_with_eos": 213, "grad_norm": 2.0589137077331543, "option_order": null, "elapsed_seconds": 10.126742557971738, "item": 7, "items": 333}
{"pair_id": "entertain_games:0016", "arm": "A", "step": 48, "family": "T3", "ce": 1.0926649570465088, "answer_tokens_with_eos": 213, "grad_norm": 0.24064429104328156, "option_order": null, "elapsed_seconds": 20.416067695012316, "item": 7, "items": 333}
{"pair_id": "entertain_games:0016", "arm": "A", "step": 72, "family": "T3", "ce": 0.7787346839904785, "answer_tokens_with_eos": 213, "grad_norm": 0.28259262442588806, "option_order": null, "elapsed_seconds": 30.531841158983298, "item": 7, "items": 333}
{"pair_id": "entertain_games:0016", "arm": "A", "step": 96, "family": "T3", "ce": 0.5363068580627441, "answer_tokens_with_eos": 213, "grad_norm": 0.2479272335767746, "option_order": null, "elapsed_seconds": 40.66915994696319, "item": 7, "items": 333}
{"pair_id": "entertain_games:0016", "arm": "A", "step": 120, "family": "T3", "ce": 0.3113783895969391, "answer_tokens_with_eos": 213, "grad_norm": 0.14335431158542633, "option_order": null, "elapsed_seconds": 50.76639579492621, "item": 7, "items": 333}
{"pair_id": "entertain_games:0016", "arm": "A", "step": 144, "family": "T3", "ce": 0.24454469978809357, "answer_tokens_with_eos": 213, "grad_norm": 0.2372172474861145, "option_order": null, "elapsed_seconds": 60.88846864795778, "item": 7, "items": 333}
{"pair_id": "entertain_games:0016", "arm": "A", "step": 168, "family": "T3", "ce": 0.1817767173051834, "answer_tokens_with_eos": 213, "grad_norm": 0.09358023852109909, "option_order": null, "elapsed_seconds": 71.01667753991205, "item": 7, "items": 333}
{"pair_id": "entertain_games:0016", "arm": "A", "step": 192, "family": "T3", "ce": 0.09137244522571564, "answer_tokens_with_eos": 213, "grad_norm": 0.09013797342777252, "option_order": null, "elapsed_seconds": 81.14491184893996, "item": 7, "items": 333}
{"pair_id": "entertain_games:0016", "arm": "A", "step": 216, "family": "T3", "ce": 0.0961112529039383, "answer_tokens_with_eos": 213, "grad_norm": 0.0973004400730133, "option_order": null, "elapsed_seconds": 91.2610223449301, "item": 7, "items": 333}
{"pair_id": "entertain_games:0016", "arm": "A", "step": 240, "family": "T3", "ce": 0.04412391409277916, "answer_tokens_with_eos": 213, "grad_norm": 0.04382980987429619, "option_order": null, "elapsed_seconds": 101.3847716479795, "item": 7, "items": 333}
{"pair_id": "entertain_games:0016", "arm": "A", "step": 264, "family": "T3", "ce": 0.02563243731856346, "answer_tokens_with_eos": 213, "grad_norm": 0.04503743723034859, "option_order": null, "elapsed_seconds": 111.49090366496239, "item": 7, "items": 333}
{"pair_id": "entertain_games:0016", "arm": "A", "step": 288, "family": "T3", "ce": 0.40293964743614197, "answer_tokens_with_eos": 213, "grad_norm": 0.23044602572917938, "option_order": null, "elapsed_seconds": 121.61326779099181, "item": 7, "items": 333}
{"completed": "entertain_games:0016", "arm": "A"}
{"pair_id": "entertain_games:0018", "arm": "A", "step": 24, "family": "T3", "ce": 1.4296667575836182, "answer_tokens_with_eos": 223, "grad_norm": 0.18158839643001556, "option_order": null, "elapsed_seconds": 10.104835047968663, "item": 8, "items": 333}
{"pair_id": "entertain_games:0018", "arm": "A", "step": 48, "family": "T3", "ce": 1.099049687385559, "answer_tokens_with_eos": 223, "grad_norm": 0.1961796134710312, "option_order": null, "elapsed_seconds": 20.200808400986716, "item": 8, "items": 333}
{"pair_id": "entertain_games:0018", "arm": "A", "step": 72, "family": "T3", "ce": 0.8642935752868652, "answer_tokens_with_eos": 223, "grad_norm": 0.1361743062734604, "option_order": null, "elapsed_seconds": 30.268118543899618, "item": 8, "items": 333}
{"pair_id": "entertain_games:0018", "arm": "A", "step": 96, "family": "T3", "ce": 0.9163196086883545, "answer_tokens_with_eos": 223, "grad_norm": 0.23959043622016907, "option_order": null, "elapsed_seconds": 40.38835026801098, "item": 8, "items": 333}
{"pair_id": "entertain_games:0018", "arm": "A", "step": 120, "family": "T3", "ce": 0.6462609171867371, "answer_tokens_with_eos": 223, "grad_norm": 0.10304403305053711, "option_order": null, "elapsed_seconds": 50.51250747300219, "item": 8, "items": 333}
{"pair_id": "entertain_games:0018", "arm": "A", "step": 144, "family": "T3", "ce": 0.5915041565895081, "answer_tokens_with_eos": 223, "grad_norm": 0.19292761385440826, "option_order": null, "elapsed_seconds": 60.616584885981865, "item": 8, "items": 333}
{"pair_id": "entertain_games:0018", "arm": "A", "step": 168, "family": "T3", "ce": 0.6249395608901978, "answer_tokens_with_eos": 223, "grad_norm": 1.1369086503982544, "option_order": null, "elapsed_seconds": 70.76137950993143, "item": 8, "items": 333}
{"pair_id": "entertain_games:0018", "arm": "A", "step": 192, "family": "T3", "ce": 0.5480870008468628, "answer_tokens_with_eos": 223, "grad_norm": 0.15603072941303253, "option_order": null, "elapsed_seconds": 80.88446007296443, "item": 8, "items": 333}
{"pair_id": "entertain_games:0018", "arm": "A", "step": 216, "family": "T3", "ce": 0.42904967069625854, "answer_tokens_with_eos": 223, "grad_norm": 0.12515312433242798, "option_order": null, "elapsed_seconds": 91.03394623100758, "item": 8, "items": 333}
{"pair_id": "entertain_games:0018", "arm": "A", "step": 240, "family": "T3", "ce": 0.42092594504356384, "answer_tokens_with_eos": 223, "grad_norm": 0.1444295197725296, "option_order": null, "elapsed_seconds": 101.16802117298357, "item": 8, "items": 333}
{"pair_id": "entertain_games:0018", "arm": "A", "step": 264, "family": "T3", "ce": 0.42428603768348694, "answer_tokens_with_eos": 223, "grad_norm": 0.21390855312347412, "option_order": null, "elapsed_seconds": 111.23923982400447, "item": 8, "items": 333}
{"pair_id": "entertain_games:0018", "arm": "A", "step": 288, "family": "T3", "ce": 0.3132632076740265, "answer_tokens_with_eos": 223, "grad_norm": 0.08081832528114319, "option_order": null, "elapsed_seconds": 121.39176621893421, "item": 8, "items": 333}
{"completed": "entertain_games:0018", "arm": "A"}
{"pair_id": "entertain_games:0021", "arm": "A", "step": 24, "family": "T3", "ce": 1.6062091588974, "answer_tokens_with_eos": 222, "grad_norm": 0.07709303498268127, "option_order": null, "elapsed_seconds": 9.995829434948973, "item": 9, "items": 333}
{"pair_id": "entertain_games:0021", "arm": "A", "step": 48, "family": "T3", "ce": 1.3770394325256348, "answer_tokens_with_eos": 222, "grad_norm": 0.10689738392829895, "option_order": null, "elapsed_seconds": 20.123825046932325, "item": 9, "items": 333}
{"pair_id": "entertain_games:0021", "arm": "A", "step": 72, "family": "T3", "ce": 1.2317841053009033, "answer_tokens_with_eos": 222, "grad_norm": 0.2597885727882385, "option_order": null, "elapsed_seconds": 30.23381362296641, "item": 9, "items": 333}
{"pair_id": "entertain_games:0021", "arm": "A", "step": 96, "family": "T3", "ce": 1.1306027173995972, "answer_tokens_with_eos": 222, "grad_norm": 0.23781119287014008, "option_order": null, "elapsed_seconds": 40.34519855794497, "item": 9, "items": 333}
{"pair_id": "entertain_games:0021", "arm": "A", "step": 120, "family": "T3", "ce": 1.0374226570129395, "answer_tokens_with_eos": 222, "grad_norm": 0.1467185765504837, "option_order": null, "elapsed_seconds": 50.417005278985016, "item": 9, "items": 333}
{"pair_id": "entertain_games:0021", "arm": "A", "step": 144, "family": "T3", "ce": 0.9225112795829773, "answer_tokens_with_eos": 222, "grad_norm": 0.08294083178043365, "option_order": null, "elapsed_seconds": 60.42884130589664, "item": 9, "items": 333}
{"pair_id": "entertain_games:0021", "arm": "A", "step": 168, "family": "T3", "ce": 0.9902232885360718, "answer_tokens_with_eos": 222, "grad_norm": 0.17356927692890167, "option_order": null, "elapsed_seconds": 70.5642393939197, "item": 9, "items": 333}
{"pair_id": "entertain_games:0021", "arm": "A", "step": 192, "family": "T3", "ce": 1.0469691753387451, "answer_tokens_with_eos": 222, "grad_norm": 0.1373109370470047, "option_order": null, "elapsed_seconds": 80.70172066695523, "item": 9, "items": 333}
{"pair_id": "entertain_games:0021", "arm": "A", "step": 216, "family": "T3", "ce": 0.7943386435508728, "answer_tokens_with_eos": 222, "grad_norm": 0.05701351910829544, "option_order": null, "elapsed_seconds": 90.79372564097866, "item": 9, "items": 333}
{"pair_id": "entertain_games:0021", "arm": "A", "step": 240, "family": "T3", "ce": 0.6702189445495605, "answer_tokens_with_eos": 222, "grad_norm": 0.08989953994750977, "option_order": null, "elapsed_seconds": 100.87372342892922, "item": 9, "items": 333}
{"pair_id": "entertain_games:0021", "arm": "A", "step": 264, "family": "T3", "ce": 0.9950624704360962, "answer_tokens_with_eos": 222, "grad_norm": 0.2856031656265259, "option_order": null, "elapsed_seconds": 110.98585005197674, "item": 9, "items": 333}
{"pair_id": "entertain_games:0021", "arm": "A", "step": 288, "family": "T3", "ce": 0.7182607054710388, "answer_tokens_with_eos": 222, "grad_norm": 0.08140216022729874, "option_order": null, "elapsed_seconds": 121.08976518898271, "item": 9, "items": 333}
{"completed": "entertain_games:0021", "arm": "A"}
{"pair_id": "entertain_games:0024", "arm": "A", "step": 24, "family": "T3", "ce": 1.8343324661254883, "answer_tokens_with_eos": 208, "grad_norm": 0.10552401095628738, "option_order": null, "elapsed_seconds": 10.055030424031429, "item": 10, "items": 333}
{"pair_id": "entertain_games:0024", "arm": "A", "step": 48, "family": "T3", "ce": 1.8107513189315796, "answer_tokens_with_eos": 208, "grad_norm": 0.22847938537597656, "option_order": null, "elapsed_seconds": 20.0795093360357, "item": 10, "items": 333}
{"pair_id": "entertain_games:0024", "arm": "A", "step": 72, "family": "T3", "ce": 1.673474907875061, "answer_tokens_with_eos": 208, "grad_norm": 0.11481039971113205, "option_order": null, "elapsed_seconds": 30.1894213759806, "item": 10, "items": 333}
{"pair_id": "entertain_games:0024", "arm": "A", "step": 96, "family": "T3", "ce": 1.5630536079406738, "answer_tokens_with_eos": 208, "grad_norm": 0.06903038918972015, "option_order": null, "elapsed_seconds": 40.328279300942086, "item": 10, "items": 333}
{"pair_id": "entertain_games:0024", "arm": "A", "step": 120, "family": "T3", "ce": 1.6293814182281494, "answer_tokens_with_eos": 208, "grad_norm": 0.09972875565290451, "option_order": null, "elapsed_seconds": 50.44544516294263, "item": 10, "items": 333}
{"pair_id": "entertain_games:0024", "arm": "A", "step": 144, "family": "T3", "ce": 1.5087040662765503, "answer_tokens_with_eos": 208, "grad_norm": 0.08743943274021149, "option_order": null, "elapsed_seconds": 60.561811211984605, "item": 10, "items": 333}
{"pair_id": "entertain_games:0024", "arm": "A", "step": 168, "family": "T3", "ce": 1.5248537063598633, "answer_tokens_with_eos": 208, "grad_norm": 0.18248046934604645, "option_order": null, "elapsed_seconds": 70.67913742293604, "item": 10, "items": 333}
{"pair_id": "entertain_games:0024", "arm": "A", "step": 192, "family": "T3", "ce": 1.4332607984542847, "answer_tokens_with_eos": 208, "grad_norm": 0.07216639071702957, "option_order": null, "elapsed_seconds": 80.79245683201589, "item": 10, "items": 333}
{"pair_id": "entertain_games:0024", "arm": "A", "step": 216, "family": "T3", "ce": 1.4650838375091553, "answer_tokens_with_eos": 208, "grad_norm": 0.09467675536870956, "option_order": null, "elapsed_seconds": 90.89220796292648, "item": 10, "items": 333}
{"pair_id": "entertain_games:0024", "arm": "A", "step": 240, "family": "T3", "ce": 1.372513771057129, "answer_tokens_with_eos": 208, "grad_norm": 0.09253891557455063, "option_order": null, "elapsed_seconds": 101.02516102592926, "item": 10, "items": 333}
{"pair_id": "entertain_games:0024", "arm": "A", "step": 264, "family": "T3", "ce": 1.3172801733016968, "answer_tokens_with_eos": 208, "grad_norm": 0.34352949261665344, "option_order": null, "elapsed_seconds": 111.12765452393796, "item": 10, "items": 333}
{"pair_id": "entertain_games:0024", "arm": "A", "step": 288, "family": "T3", "ce": 1.2445919513702393, "answer_tokens_with_eos": 208, "grad_norm": 0.08807346224784851, "option_order": null, "elapsed_seconds": 121.24740578397177, "item": 10, "items": 333}
{"completed": "entertain_games:0024", "arm": "A"}
{"pair_id": "entertain_games:0026", "arm": "A", "step": 24, "family": "T3", "ce": 1.3742671012878418, "answer_tokens_with_eos": 214, "grad_norm": 0.17491331696510315, "option_order": null, "elapsed_seconds": 10.097283305949531, "item": 11, "items": 333}
{"pair_id": "entertain_games:0026", "arm": "A", "step": 48, "family": "T3", "ce": 1.1409409046173096, "answer_tokens_with_eos": 214, "grad_norm": 0.4595866799354553, "option_order": null, "elapsed_seconds": 20.171642489964142, "item": 11, "items": 333}
{"pair_id": "entertain_games:0026", "arm": "A", "step": 72, "family": "T3", "ce": 0.8031127452850342, "answer_tokens_with_eos": 214, "grad_norm": 0.12065503746271133, "option_order": null, "elapsed_seconds": 30.28544420201797, "item": 11, "items": 333}
{"pair_id": "entertain_games:0026", "arm": "A", "step": 96, "family": "T3", "ce": 0.5891794562339783, "answer_tokens_with_eos": 214, "grad_norm": 0.12647242844104767, "option_order": null, "elapsed_seconds": 40.35655837401282, "item": 11, "items": 333}
{"pair_id": "entertain_games:0026", "arm": "A", "step": 120, "family": "T3", "ce": 0.5393142700195312, "answer_tokens_with_eos": 214, "grad_norm": 0.2425938844680786, "option_order": null, "elapsed_seconds": 50.449371095979586, "item": 11, "items": 333}
{"pair_id": "entertain_games:0026", "arm": "A", "step": 144, "family": "T3", "ce": 0.4012911319732666, "answer_tokens_with_eos": 214, "grad_norm": 0.08658545464277267, "option_order": null, "elapsed_seconds": 60.593445342965424, "item": 11, "items": 333}
{"pair_id": "entertain_games:0026", "arm": "A", "step": 168, "family": "T3", "ce": 0.27844035625457764, "answer_tokens_with_eos": 214, "grad_norm": 0.09793470799922943, "option_order": null, "elapsed_seconds": 70.73718342604116, "item": 11, "items": 333}
{"pair_id": "entertain_games:0026", "arm": "A", "step": 192, "family": "T3", "ce": 0.250251442193985, "answer_tokens_with_eos": 214, "grad_norm": 0.20314468443393707, "option_order": null, "elapsed_seconds": 80.83498457598034, "item": 11, "items": 333}
{"pair_id": "entertain_games:0026", "arm": "A", "step": 216, "family": "T3", "ce": 0.1185540035367012, "answer_tokens_with_eos": 214, "grad_norm": 0.07698102295398712, "option_order": null, "elapsed_seconds": 90.95739643299021, "item": 11, "items": 333}
{"pair_id": "entertain_games:0026", "arm": "A", "step": 240, "family": "T3", "ce": 0.23080392181873322, "answer_tokens_with_eos": 214, "grad_norm": 0.25620177388191223, "option_order": null, "elapsed_seconds": 101.10658650100231, "item": 11, "items": 333}
{"pair_id": "entertain_games:0026", "arm": "A", "step": 264, "family": "T3", "ce": 0.17012009024620056, "answer_tokens_with_eos": 214, "grad_norm": 0.1104276180267334, "option_order": null, "elapsed_seconds": 111.22026989504229, "item": 11, "items": 333}
{"pair_id": "entertain_games:0026", "arm": "A", "step": 288, "family": "T3", "ce": 0.06093219295144081, "answer_tokens_with_eos": 214, "grad_norm": 0.054170604795217514, "option_order": null, "elapsed_seconds": 121.35874175501522, "item": 11, "items": 333}
{"completed": "entertain_games:0026", "arm": "A"}
{"pair_id": "entertain_games:0029", "arm": "A", "step": 24, "family": "T3", "ce": 1.159395694732666, "answer_tokens_with_eos": 218, "grad_norm": 0.23398448526859283, "option_order": null, "elapsed_seconds": 10.07885474700015, "item": 12, "items": 333}
{"pair_id": "entertain_games:0029", "arm": "A", "step": 48, "family": "T3", "ce": 0.908852756023407, "answer_tokens_with_eos": 218, "grad_norm": 0.08633921295404434, "option_order": null, "elapsed_seconds": 20.20419725892134, "item": 12, "items": 333}
{"pair_id": "entertain_games:0029", "arm": "A", "step": 72, "family": "T3", "ce": 0.8296715021133423, "answer_tokens_with_eos": 218, "grad_norm": 0.11998658627271652, "option_order": null, "elapsed_seconds": 30.24773229297716, "item": 12, "items": 333}
{"pair_id": "entertain_games:0029", "arm": "A", "step": 96, "family": "T3", "ce": 0.6675967574119568, "answer_tokens_with_eos": 218, "grad_norm": 0.16884885728359222, "option_order": null, "elapsed_seconds": 40.39086145593319, "item": 12, "items": 333}
{"pair_id": "entertain_games:0029", "arm": "A", "step": 120, "family": "T3", "ce": 0.5317814350128174, "answer_tokens_with_eos": 218, "grad_norm": 0.06751389801502228, "option_order": null, "elapsed_seconds": 50.525431116926484, "item": 12, "items": 333}
{"pair_id": "entertain_games:0029", "arm": "A", "step": 144, "family": "T3", "ce": 0.4276880621910095, "answer_tokens_with_eos": 218, "grad_norm": 0.09413213282823563, "option_order": null, "elapsed_seconds": 60.618707610992715, "item": 12, "items": 333}
{"pair_id": "entertain_games:0029", "arm": "A", "step": 168, "family": "T3", "ce": 0.3040459454059601, "answer_tokens_with_eos": 218, "grad_norm": 0.08970537036657333, "option_order": null, "elapsed_seconds": 70.7422908769222, "item": 12, "items": 333}
{"pair_id": "entertain_games:0029", "arm": "A", "step": 192, "family": "T3", "ce": 0.17582884430885315, "answer_tokens_with_eos": 218, "grad_norm": 0.25202515721321106, "option_order": null, "elapsed_seconds": 80.84663122193888, "item": 12, "items": 333}
{"pair_id": "entertain_games:0029", "arm": "A", "step": 216, "family": "T3", "ce": 0.14850954711437225, "answer_tokens_with_eos": 218, "grad_norm": 0.08501344174146652, "option_order": null, "elapsed_seconds": 90.95445016992744, "item": 12, "items": 333}
{"pair_id": "entertain_games:0029", "arm": "A", "step": 240, "family": "T3", "ce": 0.06823180615901947, "answer_tokens_with_eos": 218, "grad_norm": 0.06251465529203415, "option_order": null, "elapsed_seconds": 101.04971737798769, "item": 12, "items": 333}
{"pair_id": "entertain_games:0029", "arm": "A", "step": 264, "family": "T3", "ce": 0.018543435260653496, "answer_tokens_with_eos": 218, "grad_norm": 0.019230568781495094, "option_order": null, "elapsed_seconds": 111.13861332391389, "item": 12, "items": 333}
{"pair_id": "entertain_games:0029", "arm": "A", "step": 288, "family": "T3", "ce": 0.011049313470721245, "answer_tokens_with_eos": 218, "grad_norm": 0.022791530936956406, "option_order": null, "elapsed_seconds": 121.21347607602365, "item": 12, "items": 333}
{"completed": "entertain_games:0029", "arm": "A"}
{"pair_id": "entertain_games:0032", "arm": "A", "step": 24, "family": "T3", "ce": 1.4314422607421875, "answer_tokens_with_eos": 212, "grad_norm": 0.11247697472572327, "option_order": null, "elapsed_seconds": 10.030101733049378, "item": 13, "items": 333}
{"pair_id": "entertain_games:0032", "arm": "A", "step": 48, "family": "T3", "ce": 1.1344348192214966, "answer_tokens_with_eos": 212, "grad_norm": 0.1583234667778015, "option_order": null, "elapsed_seconds": 20.14501514006406, "item": 13, "items": 333}
{"pair_id": "entertain_games:0032", "arm": "A", "step": 72, "family": "T3", "ce": 1.1639443635940552, "answer_tokens_with_eos": 212, "grad_norm": 1.279974102973938, "option_order": null, "elapsed_seconds": 30.27733694005292, "item": 13, "items": 333}
{"pair_id": "entertain_games:0032", "arm": "A", "step": 96, "family": "T3", "ce": 0.8902487754821777, "answer_tokens_with_eos": 212, "grad_norm": 0.0967106968164444, "option_order": null, "elapsed_seconds": 40.49018419208005, "item": 13, "items": 333}
{"pair_id": "entertain_games:0032", "arm": "A", "step": 120, "family": "T3", "ce": 0.6884092092514038, "answer_tokens_with_eos": 212, "grad_norm": 0.1257220208644867, "option_order": null, "elapsed_seconds": 50.087177948094904, "item": 13, "items": 333}
{"pair_id": "entertain_games:0032", "arm": "A", "step": 144, "family": "T3", "ce": 0.6091696619987488, "answer_tokens_with_eos": 212, "grad_norm": 0.12061360478401184, "option_order": null, "elapsed_seconds": 59.51880606007762, "item": 13, "items": 333}
{"pair_id": "entertain_games:0032", "arm": "A", "step": 168, "family": "T3", "ce": 0.49135807156562805, "answer_tokens_with_eos": 212, "grad_norm": 0.21541886031627655, "option_order": null, "elapsed_seconds": 68.97731242107693, "item": 13, "items": 333}
{"pair_id": "entertain_games:0032", "arm": "A", "step": 192, "family": "T3", "ce": 0.31927719712257385, "answer_tokens_with_eos": 212, "grad_norm": 0.16749030351638794, "option_order": null, "elapsed_seconds": 78.41226381703746, "item": 13, "items": 333}
{"pair_id": "entertain_games:0032", "arm": "A", "step": 216, "family": "T3", "ce": 0.2923377454280853, "answer_tokens_with_eos": 212, "grad_norm": 0.1300496608018875, "option_order": null, "elapsed_seconds": 87.87215024000034, "item": 13, "items": 333}
{"pair_id": "entertain_games:0032", "arm": "A", "step": 240, "family": "T3", "ce": 0.15847620368003845, "answer_tokens_with_eos": 212, "grad_norm": 0.12279897928237915, "option_order": null, "elapsed_seconds": 97.34824740106706, "item": 13, "items": 333}
{"pair_id": "entertain_games:0032", "arm": "A", "step": 264, "family": "T3", "ce": 0.10669854283332825, "answer_tokens_with_eos": 212, "grad_norm": 0.10444174706935883, "option_order": null, "elapsed_seconds": 106.78721721901093, "item": 13, "items": 333}
{"pair_id": "entertain_games:0032", "arm": "A", "step": 288, "family": "T3", "ce": 0.10585851967334747, "answer_tokens_with_eos": 212, "grad_norm": 0.07892826199531555, "option_order": null, "elapsed_seconds": 116.21982784301508, "item": 13, "items": 333}
{"completed": "entertain_games:0032", "arm": "A"}
{"pair_id": "entertain_games:0034", "arm": "A", "step": 24, "family": "T3", "ce": 1.3314019441604614, "answer_tokens_with_eos": 232, "grad_norm": 0.20626424252986908, "option_order": null, "elapsed_seconds": 9.564857730991207, "item": 14, "items": 333}
{"pair_id": "entertain_games:0034", "arm": "A", "step": 48, "family": "T3", "ce": 1.368042230606079, "answer_tokens_with_eos": 232, "grad_norm": 0.8370332717895508, "option_order": null, "elapsed_seconds": 19.10704082995653, "item": 14, "items": 333}
{"pair_id": "entertain_games:0034", "arm": "A", "step": 72, "family": "T3", "ce": 1.1873944997787476, "answer_tokens_with_eos": 232, "grad_norm": 0.06313245743513107, "option_order": null, "elapsed_seconds": 28.61586304497905, "item": 14, "items": 333}
{"pair_id": "entertain_games:0034", "arm": "A", "step": 96, "family": "T3", "ce": 1.0659475326538086, "answer_tokens_with_eos": 232, "grad_norm": 0.10906674712896347, "option_order": null, "elapsed_seconds": 38.174548765062355, "item": 14, "items": 333}
{"pair_id": "entertain_games:0034", "arm": "A", "step": 120, "family": "T3", "ce": 0.9433746337890625, "answer_tokens_with_eos": 232, "grad_norm": 0.28753402829170227, "option_order": null, "elapsed_seconds": 47.74011132598389, "item": 14, "items": 333}
{"pair_id": "entertain_games:0034", "arm": "A", "step": 144, "family": "T3", "ce": 0.8311220407485962, "answer_tokens_with_eos": 232, "grad_norm": 0.08318670094013214, "option_order": null, "elapsed_seconds": 57.27542443701532, "item": 14, "items": 333}
{"pair_id": "entertain_games:0034", "arm": "A", "step": 168, "family": "T3", "ce": 0.75871342420578, "answer_tokens_with_eos": 232, "grad_norm": 0.09415945410728455, "option_order": null, "elapsed_seconds": 66.83031281095464, "item": 14, "items": 333}
{"pair_id": "entertain_games:0034", "arm": "A", "step": 192, "family": "T3", "ce": 0.7173473834991455, "answer_tokens_with_eos": 232, "grad_norm": 0.11296229809522629, "option_order": null, "elapsed_seconds": 76.35959814104717, "item": 14, "items": 333}
{"pair_id": "entertain_games:0034", "arm": "A", "step": 216, "family": "T3", "ce": 0.6896021962165833, "answer_tokens_with_eos": 232, "grad_norm": 0.11868034303188324, "option_order": null, "elapsed_seconds": 85.93322067998815, "item": 14, "items": 333}
{"pair_id": "entertain_games:0034", "arm": "A", "step": 240, "family": "T3", "ce": 0.6212793588638306, "answer_tokens_with_eos": 232, "grad_norm": 0.1170533075928688, "option_order": null, "elapsed_seconds": 95.47033760498744, "item": 14, "items": 333}
{"pair_id": "entertain_games:0034", "arm": "A", "step": 264, "family": "T3", "ce": 1.0055660009384155, "answer_tokens_with_eos": 232, "grad_norm": 0.4154932200908661, "option_order": null, "elapsed_seconds": 105.00615292496514, "item": 14, "items": 333}
{"pair_id": "entertain_games:0034", "arm": "A", "step": 288, "family": "T3", "ce": 0.7622077465057373, "answer_tokens_with_eos": 232, "grad_norm": 0.05803923308849335, "option_order": null, "elapsed_seconds": 114.52694739797153, "item": 14, "items": 333}
{"completed": "entertain_games:0034", "arm": "A"}
{"pair_id": "entertain_games:0037", "arm": "A", "step": 24, "family": "T3", "ce": 1.1499435901641846, "answer_tokens_with_eos": 224, "grad_norm": 0.20385883748531342, "option_order": null, "elapsed_seconds": 9.48493896110449, "item": 15, "items": 333}
{"pair_id": "entertain_games:0037", "arm": "A", "step": 48, "family": "T3", "ce": 0.8540090918540955, "answer_tokens_with_eos": 224, "grad_norm": 0.07018743455410004, "option_order": null, "elapsed_seconds": 18.994157338049263, "item": 15, "items": 333}
{"pair_id": "entertain_games:0037", "arm": "A", "step": 72, "family": "T3", "ce": 0.6587240099906921, "answer_tokens_with_eos": 224, "grad_norm": 0.05752833932638168, "option_order": null, "elapsed_seconds": 28.510796459042467, "item": 15, "items": 333}
{"pair_id": "entertain_games:0037", "arm": "A", "step": 96, "family": "T3", "ce": 0.7591993808746338, "answer_tokens_with_eos": 224, "grad_norm": 0.16952349245548248, "option_order": null, "elapsed_seconds": 38.64262310601771, "item": 15, "items": 333}
{"pair_id": "entertain_games:0037", "arm": "A", "step": 120, "family": "T3", "ce": 0.735028862953186, "answer_tokens_with_eos": 224, "grad_norm": 0.1384149044752121, "option_order": null, "elapsed_seconds": 48.792422805097885, "item": 15, "items": 333}
{"pair_id": "entertain_games:0037", "arm": "A", "step": 144, "family": "T3", "ce": 0.5238372087478638, "answer_tokens_with_eos": 224, "grad_norm": 0.05203532055020332, "option_order": null, "elapsed_seconds": 58.874140344094485, "item": 15, "items": 333}
{"pair_id": "entertain_games:0037", "arm": "A", "step": 168, "family": "T3", "ce": 0.4573597311973572, "answer_tokens_with_eos": 224, "grad_norm": 0.07807803153991699, "option_order": null, "elapsed_seconds": 68.99137536110356, "item": 15, "items": 333}
{"pair_id": "entertain_games:0037", "arm": "A", "step": 192, "family": "T3", "ce": 0.38400202989578247, "answer_tokens_with_eos": 224, "grad_norm": 0.07602696865797043, "option_order": null, "elapsed_seconds": 79.12181118002627, "item": 15, "items": 333}
{"pair_id": "entertain_games:0037", "arm": "A", "step": 216, "family": "T3", "ce": 0.45495185256004333, "answer_tokens_with_eos": 224, "grad_norm": 0.08695418387651443, "option_order": null, "elapsed_seconds": 89.20769136806484, "item": 15, "items": 333}
{"pair_id": "entertain_games:0037", "arm": "A", "step": 240, "family": "T3", "ce": 0.31877291202545166, "answer_tokens_with_eos": 224, "grad_norm": 0.06785345077514648, "option_order": null, "elapsed_seconds": 99.3058448981028, "item": 15, "items": 333}
{"pair_id": "entertain_games:0037", "arm": "A", "step": 264, "family": "T3", "ce": 0.2981264591217041, "answer_tokens_with_eos": 224, "grad_norm": 0.10520230978727341, "option_order": null, "elapsed_seconds": 109.40988264803309, "item": 15, "items": 333}
{"pair_id": "entertain_games:0037", "arm": "A", "step": 288, "family": "T3", "ce": 0.18337492644786835, "answer_tokens_with_eos": 224, "grad_norm": 0.06289462745189667, "option_order": null, "elapsed_seconds": 119.52706021699123, "item": 15, "items": 333}
{"completed": "entertain_games:0037", "arm": "A"}
{"pair_id": "entertain_games:0039", "arm": "A", "step": 24, "family": "T3", "ce": 1.6044220924377441, "answer_tokens_with_eos": 215, "grad_norm": 0.09929373115301132, "option_order": null, "elapsed_seconds": 10.050620906054974, "item": 16, "items": 333}
{"pair_id": "entertain_games:0039", "arm": "A", "step": 48, "family": "T3", "ce": 1.383146047592163, "answer_tokens_with_eos": 215, "grad_norm": 0.15668247640132904, "option_order": null, "elapsed_seconds": 20.144349797978066, "item": 16, "items": 333}
{"pair_id": "entertain_games:0039", "arm": "A", "step": 72, "family": "T3", "ce": 1.1595591306686401, "answer_tokens_with_eos": 215, "grad_norm": 0.16296640038490295, "option_order": null, "elapsed_seconds": 30.26314817497041, "item": 16, "items": 333}
{"pair_id": "entertain_games:0039", "arm": "A", "step": 96, "family": "T3", "ce": 1.031246304512024, "answer_tokens_with_eos": 215, "grad_norm": 0.14163456857204437, "option_order": null, "elapsed_seconds": 40.316324644954875, "item": 16, "items": 333}
{"pair_id": "entertain_games:0039", "arm": "A", "step": 120, "family": "T3", "ce": 0.9556860327720642, "answer_tokens_with_eos": 215, "grad_norm": 0.09626053273677826, "option_order": null, "elapsed_seconds": 50.37639431306161, "item": 16, "items": 333}
{"pair_id": "entertain_games:0039", "arm": "A", "step": 144, "family": "T3", "ce": 0.8718428611755371, "answer_tokens_with_eos": 215, "grad_norm": 0.19870907068252563, "option_order": null, "elapsed_seconds": 60.43406286800746, "item": 16, "items": 333}
{"pair_id": "entertain_games:0039", "arm": "A", "step": 168, "family": "T3", "ce": 0.9195941090583801, "answer_tokens_with_eos": 215, "grad_norm": 0.17296142876148224, "option_order": null, "elapsed_seconds": 70.52309794200119, "item": 16, "items": 333}
{"pair_id": "entertain_games:0039", "arm": "A", "step": 192, "family": "T3", "ce": 0.7377341389656067, "answer_tokens_with_eos": 215, "grad_norm": 0.09188901633024216, "option_order": null, "elapsed_seconds": 80.63156850205269, "item": 16, "items": 333}
{"pair_id": "entertain_games:0039", "arm": "A", "step": 216, "family": "T3", "ce": 0.7659584283828735, "answer_tokens_with_eos": 215, "grad_norm": 0.13098812103271484, "option_order": null, "elapsed_seconds": 90.69903942302335, "item": 16, "items": 333}
{"pair_id": "entertain_games:0039", "arm": "A", "step": 240, "family": "T3", "ce": 0.7205302119255066, "answer_tokens_with_eos": 215, "grad_norm": 0.11479748785495758, "option_order": null, "elapsed_seconds": 100.81151648703963, "item": 16, "items": 333}
{"pair_id": "entertain_games:0039", "arm": "A", "step": 264, "family": "T3", "ce": 0.6772428154945374, "answer_tokens_with_eos": 215, "grad_norm": 0.12347052246332169, "option_order": null, "elapsed_seconds": 110.90624696097802, "item": 16, "items": 333}
{"pair_id": "entertain_games:0039", "arm": "A", "step": 288, "family": "T3", "ce": 0.7032202482223511, "answer_tokens_with_eos": 215, "grad_norm": 0.4442097842693329, "option_order": null, "elapsed_seconds": 120.87758908304386, "item": 16, "items": 333}
{"completed": "entertain_games:0039", "arm": "A"}
{"pair_id": "entertain_games:0041", "arm": "A", "step": 24, "family": "T3", "ce": 1.6113511323928833, "answer_tokens_with_eos": 221, "grad_norm": 0.5413078665733337, "option_order": null, "elapsed_seconds": 9.978312427992932, "item": 17, "items": 333}
{"pair_id": "entertain_games:0041", "arm": "A", "step": 48, "family": "T3", "ce": 1.3346939086914062, "answer_tokens_with_eos": 221, "grad_norm": 0.16104447841644287, "option_order": null, "elapsed_seconds": 20.086632714024745, "item": 17, "items": 333}
{"pair_id": "entertain_games:0041", "arm": "A", "step": 72, "family": "T3", "ce": 1.1629995107650757, "answer_tokens_with_eos": 221, "grad_norm": 0.519338071346283, "option_order": null, "elapsed_seconds": 30.199387416942045, "item": 17, "items": 333}
{"pair_id": "entertain_games:0041", "arm": "A", "step": 96, "family": "T3", "ce": 1.130250334739685, "answer_tokens_with_eos": 221, "grad_norm": 0.0630270391702652, "option_order": null, "elapsed_seconds": 40.27796983497683, "item": 17, "items": 333}
{"pair_id": "entertain_games:0041", "arm": "A", "step": 120, "family": "T3", "ce": 1.010864496231079, "answer_tokens_with_eos": 221, "grad_norm": 0.06295453757047653, "option_order": null, "elapsed_seconds": 50.41521067894064, "item": 17, "items": 333}
{"pair_id": "entertain_games:0041", "arm": "A", "step": 144, "family": "T3", "ce": 1.037758469581604, "answer_tokens_with_eos": 221, "grad_norm": 0.09507198631763458, "option_order": null, "elapsed_seconds": 60.50267153896857, "item": 17, "items": 333}
{"pair_id": "entertain_games:0041", "arm": "A", "step": 168, "family": "T3", "ce": 0.9205775856971741, "answer_tokens_with_eos": 221, "grad_norm": 0.1988084763288498, "option_order": null, "elapsed_seconds": 70.46925506403204, "item": 17, "items": 333}
{"pair_id": "entertain_games:0041", "arm": "A", "step": 192, "family": "T3", "ce": 0.869393527507782, "answer_tokens_with_eos": 221, "grad_norm": 0.11135265231132507, "option_order": null, "elapsed_seconds": 80.53119298093952, "item": 17, "items": 333}
{"pair_id": "entertain_games:0041", "arm": "A", "step": 216, "family": "T3", "ce": 0.7723496556282043, "answer_tokens_with_eos": 221, "grad_norm": 0.21895192563533783, "option_order": null, "elapsed_seconds": 90.60149725503288, "item": 17, "items": 333}
{"pair_id": "entertain_games:0041", "arm": "A", "step": 240, "family": "T3", "ce": 0.718657910823822, "answer_tokens_with_eos": 221, "grad_norm": 0.2897263467311859, "option_order": null, "elapsed_seconds": 100.57097221398726, "item": 17, "items": 333}
{"pair_id": "entertain_games:0041", "arm": "A", "step": 264, "family": "T3", "ce": 0.6527006030082703, "answer_tokens_with_eos": 221, "grad_norm": 0.16661615669727325, "option_order": null, "elapsed_seconds": 110.66007965803146, "item": 17, "items": 333}
{"pair_id": "entertain_games:0041", "arm": "A", "step": 288, "family": "T3", "ce": 0.5681380033493042, "answer_tokens_with_eos": 221, "grad_norm": 0.6206414699554443, "option_order": null, "elapsed_seconds": 120.73621583695058, "item": 17, "items": 333}
{"completed": "entertain_games:0041", "arm": "A"}
{"pair_id": "entertain_games:0044", "arm": "A", "step": 24, "family": "T3", "ce": 1.281805157661438, "answer_tokens_with_eos": 209, "grad_norm": 0.14819830656051636, "option_order": null, "elapsed_seconds": 10.027508829021826, "item": 18, "items": 333}
{"pair_id": "entertain_games:0044", "arm": "A", "step": 48, "family": "T3", "ce": 0.9901849031448364, "answer_tokens_with_eos": 209, "grad_norm": 0.12693794071674347, "option_order": null, "elapsed_seconds": 20.053755891043693, "item": 18, "items": 333}
{"pair_id": "entertain_games:0044", "arm": "A", "step": 72, "family": "T3", "ce": 0.8715683221817017, "answer_tokens_with_eos": 209, "grad_norm": 0.26334163546562195, "option_order": null, "elapsed_seconds": 30.125748516060412, "item": 18, "items": 333}
{"pair_id": "entertain_games:0044", "arm": "A", "step": 96, "family": "T3", "ce": 0.7488004565238953, "answer_tokens_with_eos": 209, "grad_norm": 0.12507304549217224, "option_order": null, "elapsed_seconds": 40.171850880025886, "item": 18, "items": 333}
{"pair_id": "entertain_games:0044", "arm": "A", "step": 120, "family": "T3", "ce": 0.6743150949478149, "answer_tokens_with_eos": 209, "grad_norm": 0.06914535164833069, "option_order": null, "elapsed_seconds": 50.16918521607295, "item": 18, "items": 333}
{"pair_id": "entertain_games:0044", "arm": "A", "step": 144, "family": "T3", "ce": 0.6710866093635559, "answer_tokens_with_eos": 209, "grad_norm": 0.06447575986385345, "option_order": null, "elapsed_seconds": 60.093820207053795, "item": 18, "items": 333}
{"pair_id": "entertain_games:0044", "arm": "A", "step": 168, "family": "T3", "ce": 0.7073216438293457, "answer_tokens_with_eos": 209, "grad_norm": 0.16084615886211395, "option_order": null, "elapsed_seconds": 70.17048080998939, "item": 18, "items": 333}
{"pair_id": "entertain_games:0044", "arm": "A", "step": 192, "family": "T3", "ce": 0.5320909023284912, "answer_tokens_with_eos": 209, "grad_norm": 0.10174103826284409, "option_order": null, "elapsed_seconds": 80.28413395409007, "item": 18, "items": 333}
{"pair_id": "entertain_games:0044", "arm": "A", "step": 216, "family": "T3", "ce": 0.5198046565055847, "answer_tokens_with_eos": 209, "grad_norm": 0.15736570954322815, "option_order": null, "elapsed_seconds": 90.37719598109834, "item": 18, "items": 333}
{"pair_id": "entertain_games:0044", "arm": "A", "step": 240, "family": "T3", "ce": 0.6214573383331299, "answer_tokens_with_eos": 209, "grad_norm": 0.20555123686790466, "option_order": null, "elapsed_seconds": 100.49590084108058, "item": 18, "items": 333}
{"pair_id": "entertain_games:0044", "arm": "A", "step": 264, "family": "T3", "ce": 0.4129996597766876, "answer_tokens_with_eos": 209, "grad_norm": 0.17915277183055878, "option_order": null, "elapsed_seconds": 110.59622415504418, "item": 18, "items": 333}
{"pair_id": "entertain_games:0044", "arm": "A", "step": 288, "family": "T3", "ce": 0.2778785526752472, "answer_tokens_with_eos": 209, "grad_norm": 0.09518980234861374, "option_order": null, "elapsed_seconds": 120.63878761907108, "item": 18, "items": 333}
{"completed": "entertain_games:0044", "arm": "A"}
{"pair_id": "entertain_games:0046", "arm": "A", "step": 24, "family": "T3", "ce": 1.3219470977783203, "answer_tokens_with_eos": 217, "grad_norm": 0.19263534247875214, "option_order": null, "elapsed_seconds": 10.107036432018504, "item": 19, "items": 333}
{"pair_id": "entertain_games:0046", "arm": "A", "step": 48, "family": "T3", "ce": 1.1380242109298706, "answer_tokens_with_eos": 217, "grad_norm": 0.12141551077365875, "option_order": null, "elapsed_seconds": 20.1882254909724, "item": 19, "items": 333}
{"pair_id": "entertain_games:0046", "arm": "A", "step": 72, "family": "T3", "ce": 1.011755347251892, "answer_tokens_with_eos": 217, "grad_norm": 0.1866769939661026, "option_order": null, "elapsed_seconds": 30.25771407794673, "item": 19, "items": 333}
{"pair_id": "entertain_games:0046", "arm": "A", "step": 96, "family": "T3", "ce": 0.8188577890396118, "answer_tokens_with_eos": 217, "grad_norm": 0.06720650941133499, "option_order": null, "elapsed_seconds": 40.33301425492391, "item": 19, "items": 333}
{"pair_id": "entertain_games:0046", "arm": "A", "step": 120, "family": "T3", "ce": 0.7469185590744019, "answer_tokens_with_eos": 217, "grad_norm": 0.13918536901474, "option_order": null, "elapsed_seconds": 50.38754671800416, "item": 19, "items": 333}
{"pair_id": "entertain_games:0046", "arm": "A", "step": 144, "family": "T3", "ce": 0.7450940012931824, "answer_tokens_with_eos": 217, "grad_norm": 0.09979823976755142, "option_order": null, "elapsed_seconds": 60.408659350010566, "item": 19, "items": 333}
{"pair_id": "entertain_games:0046", "arm": "A", "step": 168, "family": "T3", "ce": 0.6814760565757751, "answer_tokens_with_eos": 217, "grad_norm": 0.07414069026708603, "option_order": null, "elapsed_seconds": 70.53952442703303, "item": 19, "items": 333}
{"pair_id": "entertain_games:0046", "arm": "A", "step": 192, "family": "T3", "ce": 0.6327842473983765, "answer_tokens_with_eos": 217, "grad_norm": 0.07452879101037979, "option_order": null, "elapsed_seconds": 80.84669614897575, "item": 19, "items": 333}
{"pair_id": "entertain_games:0046", "arm": "A", "step": 216, "family": "T3", "ce": 0.6910489797592163, "answer_tokens_with_eos": 217, "grad_norm": 0.16374512016773224, "option_order": null, "elapsed_seconds": 90.96461571601685, "item": 19, "items": 333}
{"pair_id": "entertain_games:0046", "arm": "A", "step": 240, "family": "T3", "ce": 0.6028276681900024, "answer_tokens_with_eos": 217, "grad_norm": 0.07126770168542862, "option_order": null, "elapsed_seconds": 101.07475108793005, "item": 19, "items": 333}
{"pair_id": "entertain_games:0046", "arm": "A", "step": 264, "family": "T3", "ce": 0.6457551717758179, "answer_tokens_with_eos": 217, "grad_norm": 0.15864251554012299, "option_order": null, "elapsed_seconds": 111.19871158502065, "item": 19, "items": 333}
{"pair_id": "entertain_games:0046", "arm": "A", "step": 288, "family": "T3", "ce": 0.5579007863998413, "answer_tokens_with_eos": 217, "grad_norm": 0.05446988344192505, "option_order": null, "elapsed_seconds": 121.33420171996113, "item": 19, "items": 333}
{"completed": "entertain_games:0046", "arm": "A"}
{"pair_id": "entertain_games:0048", "arm": "A", "step": 24, "family": "T3", "ce": 1.5554498434066772, "answer_tokens_with_eos": 230, "grad_norm": 0.17409415543079376, "option_order": null, "elapsed_seconds": 10.099556838045828, "item": 20, "items": 333}
{"pair_id": "entertain_games:0048", "arm": "A", "step": 48, "family": "T3", "ce": 1.2919975519180298, "answer_tokens_with_eos": 230, "grad_norm": 0.10201698541641235, "option_order": null, "elapsed_seconds": 20.232327176025137, "item": 20, "items": 333}
{"pair_id": "entertain_games:0048", "arm": "A", "step": 72, "family": "T3", "ce": 1.1415836811065674, "answer_tokens_with_eos": 230, "grad_norm": 0.10274089127779007, "option_order": null, "elapsed_seconds": 30.32226246409118, "item": 20, "items": 333}
{"pair_id": "entertain_games:0048", "arm": "A", "step": 96, "family": "T3", "ce": 1.0846831798553467, "answer_tokens_with_eos": 230, "grad_norm": 0.11742167919874191, "option_order": null, "elapsed_seconds": 40.42475689109415, "item": 20, "items": 333}
{"pair_id": "entertain_games:0048", "arm": "A", "step": 120, "family": "T3", "ce": 0.9553362727165222, "answer_tokens_with_eos": 230, "grad_norm": 0.1523016393184662, "option_order": null, "elapsed_seconds": 50.57453423505649, "item": 20, "items": 333}
{"pair_id": "entertain_games:0048", "arm": "A", "step": 144, "family": "T3", "ce": 0.8059630990028381, "answer_tokens_with_eos": 230, "grad_norm": 0.1727464199066162, "option_order": null, "elapsed_seconds": 60.68745878606569, "item": 20, "items": 333}
{"pair_id": "entertain_games:0048", "arm": "A", "step": 168, "family": "T3", "ce": 0.8079462051391602, "answer_tokens_with_eos": 230, "grad_norm": 0.19712042808532715, "option_order": null, "elapsed_seconds": 70.7547179030953, "item": 20, "items": 333}
{"pair_id": "entertain_games:0048", "arm": "A", "step": 192, "family": "T3", "ce": 0.636530876159668, "answer_tokens_with_eos": 230, "grad_norm": 0.7786335945129395, "option_order": null, "elapsed_seconds": 80.86978211207315, "item": 20, "items": 333}
{"pair_id": "entertain_games:0048", "arm": "A", "step": 216, "family": "T3", "ce": 0.5712810754776001, "answer_tokens_with_eos": 230, "grad_norm": 0.2609245479106903, "option_order": null, "elapsed_seconds": 90.94823857501615, "item": 20, "items": 333}
{"pair_id": "entertain_games:0048", "arm": "A", "step": 240, "family": "T3", "ce": 0.43594297766685486, "answer_tokens_with_eos": 230, "grad_norm": 0.2519754469394684, "option_order": null, "elapsed_seconds": 101.07788863300811, "item": 20, "items": 333}
{"pair_id": "entertain_games:0048", "arm": "A", "step": 264, "family": "T3", "ce": 0.40875232219696045, "answer_tokens_with_eos": 230, "grad_norm": 0.1717386394739151, "option_order": null, "elapsed_seconds": 111.12649088702165, "item": 20, "items": 333}
{"pair_id": "entertain_games:0048", "arm": "A", "step": 288, "family": "T3", "ce": 0.6613855957984924, "answer_tokens_with_eos": 230, "grad_norm": 0.24966774880886078, "option_order": null, "elapsed_seconds": 121.22269103804138, "item": 20, "items": 333}
{"completed": "entertain_games:0048", "arm": "A"}
Traceback (most recent call last):
  File "/inspire/ssd/project/exploration-topic/czxs26210936/repos/prefeval-k1-scale730-331092d/scripts/experiments/prefeval_k1_teacher.py", line 151, in <module>
    main(args)
  File "/inspire/ssd/project/exploration-topic/czxs26210936/repos/prefeval-k1-scale730-331092d/scripts/experiments/prefeval_k1_teacher.py", line 101, in main
    ce = qwen3vl_target_only_ce(model=reader, processor=processor, image=quantized[0],
         ^^^^^^^^^^^^^^^^^^^^^^^^^^^^^^^^^^^^^^^^^^^^^^^^^^^^^^^^^^^^^^^^^^^^^^^^^^^^^
  File "/inspire/ssd/project/exploration-topic/czxs26210936/repos/prefeval-k1-scale730-331092d/src/vision_memory/reader/qwen3vl.py", line 315, in qwen3vl_target_only_ce
    return _qwen3vl_target_only_ce_prepared(
           ^^^^^^^^^^^^^^^^^^^^^^^^^^^^^^^^^
  File "/inspire/ssd/project/exploration-topic/czxs26210936/repos/prefeval-k1-scale730-331092d/src/vision_memory/reader/qwen3vl.py", line 221, in _qwen3vl_target_only_ce_prepared
    joint_text, target_ids = _joint_prompt_target_tokenization(processor, prompt, target)
                             ^^^^^^^^^^^^^^^^^^^^^^^^^^^^^^^^^^^^^^^^^^^^^^^^^^^^^^^^^^^^
  File "/inspire/ssd/project/exploration-topic/czxs26210936/repos/prefeval-k1-scale730-331092d/src/vision_memory/reader/qwen3vl.py", line 191, in _joint_prompt_target_tokenization
    raise RuntimeError(
RuntimeError: Appending the target retokenized the chat-template prefix. The generation prompt must end on a stable tokenizer boundary.
