precision path bf16-baseline 1/14 bf16-baseline__path__teacher-outward__p00 ratio=0
precision path bf16-baseline 2/14 bf16-baseline__path__teacher-outward__p08 ratio=0
precision path bf16-baseline 3/14 bf16-baseline__path__teacher-outward__p09 ratio=1.526691606
precision path bf16-baseline 4/14 bf16-baseline__path__teacher-outward__p11 ratio=1.602285791
precision path bf16-baseline 5/14 bf16-baseline__path__teacher-outward__p13 ratio=1.468686369
precision path bf16-baseline 6/14 bf16-baseline__path__teacher-outward__p15 ratio=1.59784373
precision path bf16-baseline 7/14 bf16-baseline__path__teacher-outward__p16 ratio=1
precision path bf16-baseline 8/14 bf16-baseline__path__plateau-inward__p16 ratio=1
precision path bf16-baseline 9/14 bf16-baseline__path__plateau-inward__p15 ratio=1.59784373
precision path bf16-baseline 10/14 bf16-baseline__path__plateau-inward__p13 ratio=1.468686369
precision path bf16-baseline 11/14 bf16-baseline__path__plateau-inward__p11 ratio=1.602285791
precision path bf16-baseline 12/14 bf16-baseline__path__plateau-inward__p09 ratio=1.526691606
precision path bf16-baseline 13/14 bf16-baseline__path__plateau-inward__p08 ratio=0
precision path bf16-baseline 14/14 bf16-baseline__path__plateau-inward__p00 ratio=0
precision gradient bf16-baseline 1/12 bf16-baseline__negative-gradient__r00__plus ratio=1.009259611
precision gradient bf16-baseline 2/12 bf16-baseline__negative-gradient__r00__minus ratio=1
precision gradient bf16-baseline 3/12 bf16-baseline__negative-gradient__r01__plus ratio=0.9593767375
precision gradient bf16-baseline 4/12 bf16-baseline__negative-gradient__r01__minus ratio=0.987170911
precision gradient bf16-baseline 5/12 bf16-baseline__negative-gradient__r02__plus ratio=1.161736403
precision gradient bf16-baseline 6/12 bf16-baseline__negative-gradient__r02__minus ratio=1.093099766
precision gradient bf16-baseline 7/12 bf16-baseline__negative-gradient__r03__plus ratio=2.173378668
precision gradient bf16-baseline 8/12 bf16-baseline__negative-gradient__r03__minus ratio=1.764919788
precision gradient bf16-baseline 9/12 bf16-baseline__negative-gradient__r04__plus ratio=4.558835358
precision gradient bf16-baseline 10/12 bf16-baseline__negative-gradient__r04__minus ratio=3.968005421
precision gradient bf16-baseline 11/12 bf16-baseline__negative-gradient__r05__plus ratio=14.64779841
precision gradient bf16-baseline 12/12 bf16-baseline__negative-gradient__r05__minus ratio=11.12041896
precision path fp32-lifted 1/14 fp32-lifted__path__teacher-outward__p00 ratio=0
precision path fp32-lifted 2/14 fp32-lifted__path__teacher-outward__p08 ratio=1.620677919e-08
precision path fp32-lifted 3/14 fp32-lifted__path__teacher-outward__p09 ratio=1.939103384e-08
precision path fp32-lifted 4/14 fp32-lifted__path__teacher-outward__p11 ratio=2.761946561e-07
precision path fp32-lifted 5/14 fp32-lifted__path__teacher-outward__p13 ratio=2.586101436e-05
precision path fp32-lifted 6/14 fp32-lifted__path__teacher-outward__p15 ratio=0.0006456700091
precision path fp32-lifted 7/14 fp32-lifted__path__teacher-outward__p16 ratio=1
precision path fp32-lifted 8/14 fp32-lifted__path__plateau-inward__p16 ratio=1
precision path fp32-lifted 9/14 fp32-lifted__path__plateau-inward__p15 ratio=0.0006456700091
precision path fp32-lifted 10/14 fp32-lifted__path__plateau-inward__p13 ratio=2.586101436e-05
precision path fp32-lifted 11/14 fp32-lifted__path__plateau-inward__p11 ratio=2.761946561e-07
precision path fp32-lifted 12/14 fp32-lifted__path__plateau-inward__p09 ratio=1.939103384e-08
precision path fp32-lifted 13/14 fp32-lifted__path__plateau-inward__p08 ratio=1.620677919e-08
precision path fp32-lifted 14/14 fp32-lifted__path__plateau-inward__p00 ratio=0
precision gradient fp32-lifted 1/12 fp32-lifted__negative-gradient__r00__plus ratio=0.9986258506
precision gradient fp32-lifted 2/12 fp32-lifted__negative-gradient__r00__minus ratio=1.001411081
precision gradient fp32-lifted 3/12 fp32-lifted__negative-gradient__r01__plus ratio=0.9861155364
precision gradient fp32-lifted 4/12 fp32-lifted__negative-gradient__r01__minus ratio=1.014091178
precision gradient fp32-lifted 5/12 fp32-lifted__negative-gradient__r02__plus ratio=0.8698530487
precision gradient fp32-lifted 6/12 fp32-lifted__negative-gradient__r02__minus ratio=1.147778175
precision gradient fp32-lifted 7/12 fp32-lifted__negative-gradient__r03__plus ratio=0.8152169767
precision gradient fp32-lifted 8/12 fp32-lifted__negative-gradient__r03__minus ratio=2.533769157
precision gradient fp32-lifted 9/12 fp32-lifted__negative-gradient__r04__plus ratio=2.06959119
precision gradient fp32-lifted 10/12 fp32-lifted__negative-gradient__r04__minus ratio=5.407186029
precision gradient fp32-lifted 11/12 fp32-lifted__negative-gradient__r05__plus ratio=8.228826175
precision gradient fp32-lifted 12/12 fp32-lifted__negative-gradient__r05__minus ratio=14.4289226
